Archive member included to satisfy reference by file (symbol)

/usr/lib/gcc/arm-none-eabi/12.2.1/thumb/v6-m/nofp/libgcc.a(_dvmd_tls.o)
                              CMakeFiles/my_project.dir/home/jazhdo/pico/pico-sdk/src/rp2_common/pico_divider/divider_hardware.S.o (__aeabi_idiv0)
/usr/lib/gcc/arm-none-eabi/12.2.1/../../../arm-none-eabi/lib/thumb/v6-m/nofp/libg.a(lib_a-atexit.o)
                              /usr/lib/gcc/arm-none-eabi/12.2.1/../../../arm-none-eabi/lib/thumb/v6-m/nofp/crt0.o (atexit)
/usr/lib/gcc/arm-none-eabi/12.2.1/../../../arm-none-eabi/lib/thumb/v6-m/nofp/libg.a(lib_a-atoi.o)
                              CMakeFiles/my_project.dir/home/jazhdo/pico/pico-sdk/lib/lwip/src/core/netif.c.o (atoi)
/usr/lib/gcc/arm-none-eabi/12.2.1/../../../arm-none-eabi/lib/thumb/v6-m/nofp/libg.a(lib_a-calloc.o)
                              CMakeFiles/my_project.dir/home/jazhdo/pico/pico-sdk/src/rp2_common/pico_malloc/malloc.c.o (calloc)
/usr/lib/gcc/arm-none-eabi/12.2.1/../../../arm-none-eabi/lib/thumb/v6-m/nofp/libg.a(lib_a-callocr.o)
                              /usr/lib/gcc/arm-none-eabi/12.2.1/../../../arm-none-eabi/lib/thumb/v6-m/nofp/libg.a(lib_a-calloc.o) (_calloc_r)
/usr/lib/gcc/arm-none-eabi/12.2.1/../../../arm-none-eabi/lib/thumb/v6-m/nofp/libg.a(lib_a-ctype_.o)
                              CMakeFiles/my_project.dir/home/jazhdo/pico/pico-sdk/lib/lwip/src/core/dns.c.o (_ctype_)
/usr/lib/gcc/arm-none-eabi/12.2.1/../../../arm-none-eabi/lib/thumb/v6-m/nofp/libg.a(lib_a-fini.o)
                              /usr/lib/gcc/arm-none-eabi/12.2.1/../../../arm-none-eabi/lib/thumb/v6-m/nofp/crt0.o (__libc_fini_array)
/usr/lib/gcc/arm-none-eabi/12.2.1/../../../arm-none-eabi/lib/thumb/v6-m/nofp/libg.a(lib_a-impure.o)
                              /usr/lib/gcc/arm-none-eabi/12.2.1/../../../arm-none-eabi/lib/thumb/v6-m/nofp/libg.a(lib_a-calloc.o) (_impure_ptr)
/usr/lib/gcc/arm-none-eabi/12.2.1/../../../arm-none-eabi/lib/thumb/v6-m/nofp/libg.a(lib_a-init.o)
                              /usr/lib/gcc/arm-none-eabi/12.2.1/../../../arm-none-eabi/lib/thumb/v6-m/nofp/crt0.o (__libc_init_array)
/usr/lib/gcc/arm-none-eabi/12.2.1/../../../arm-none-eabi/lib/thumb/v6-m/nofp/libg.a(lib_a-lcltime_r.o)
                              CMakeFiles/my_project.dir/home/jazhdo/pico/pico-sdk/src/common/pico_util/datetime.c.o (localtime_r)
/usr/lib/gcc/arm-none-eabi/12.2.1/../../../arm-none-eabi/lib/thumb/v6-m/nofp/libg.a(lib_a-malloc.o)
                              CMakeFiles/my_project.dir/home/jazhdo/pico/pico-sdk/src/rp2_common/pico_malloc/malloc.c.o (malloc)
/usr/lib/gcc/arm-none-eabi/12.2.1/../../../arm-none-eabi/lib/thumb/v6-m/nofp/libg.a(lib_a-mallocr.o)
                              /usr/lib/gcc/arm-none-eabi/12.2.1/../../../arm-none-eabi/lib/thumb/v6-m/nofp/libg.a(lib_a-callocr.o) (_malloc_r)
/usr/lib/gcc/arm-none-eabi/12.2.1/../../../arm-none-eabi/lib/thumb/v6-m/nofp/libg.a(lib_a-memcmp.o)
                              CMakeFiles/my_project.dir/home/jazhdo/pico/pico-sdk/src/rp2_common/pico_atomic/atomic.c.o (memcmp)
/usr/lib/gcc/arm-none-eabi/12.2.1/../../../arm-none-eabi/lib/thumb/v6-m/nofp/libg.a(lib_a-memmove.o)
                              CMakeFiles/my_project.dir/home/jazhdo/pico/pico-sdk/lib/lwip/src/core/def.c.o (memmove)
/usr/lib/gcc/arm-none-eabi/12.2.1/../../../arm-none-eabi/lib/thumb/v6-m/nofp/libg.a(lib_a-mktime.o)
                              CMakeFiles/my_project.dir/home/jazhdo/pico/pico-sdk/src/common/pico_util/datetime.c.o (mktime)
/usr/lib/gcc/arm-none-eabi/12.2.1/../../../arm-none-eabi/lib/thumb/v6-m/nofp/libg.a(lib_a-mlock.o)
                              /usr/lib/gcc/arm-none-eabi/12.2.1/../../../arm-none-eabi/lib/thumb/v6-m/nofp/libg.a(lib_a-mallocr.o) (__malloc_lock)
/usr/lib/gcc/arm-none-eabi/12.2.1/../../../arm-none-eabi/lib/thumb/v6-m/nofp/libg.a(lib_a-month_lengths.o)
                              /usr/lib/gcc/arm-none-eabi/12.2.1/../../../arm-none-eabi/lib/thumb/v6-m/nofp/libg.a(lib_a-lcltime_r.o) (__month_lengths)
/usr/lib/gcc/arm-none-eabi/12.2.1/../../../arm-none-eabi/lib/thumb/v6-m/nofp/libg.a(lib_a-realloc.o)
                              CMakeFiles/my_project.dir/home/jazhdo/pico/pico-sdk/src/rp2_common/pico_malloc/malloc.c.o (realloc)
/usr/lib/gcc/arm-none-eabi/12.2.1/../../../arm-none-eabi/lib/thumb/v6-m/nofp/libg.a(lib_a-reallocr.o)
                              /usr/lib/gcc/arm-none-eabi/12.2.1/../../../arm-none-eabi/lib/thumb/v6-m/nofp/libg.a(lib_a-realloc.o) (_realloc_r)
/usr/lib/gcc/arm-none-eabi/12.2.1/../../../arm-none-eabi/lib/thumb/v6-m/nofp/libg.a(lib_a-sbrkr.o)
                              /usr/lib/gcc/arm-none-eabi/12.2.1/../../../arm-none-eabi/lib/thumb/v6-m/nofp/libg.a(lib_a-mallocr.o) (_sbrk_r)
/usr/lib/gcc/arm-none-eabi/12.2.1/../../../arm-none-eabi/lib/thumb/v6-m/nofp/libg.a(lib_a-strlen-stub.o)
                              CMakeFiles/my_project.dir/safe.c.o (strlen)
/usr/lib/gcc/arm-none-eabi/12.2.1/../../../arm-none-eabi/lib/thumb/v6-m/nofp/libg.a(lib_a-strncmp.o)
[...]
Memory Configuration

Name             Origin             Length             Attributes
FLASH            0x10000000         0x00200000         xr
RAM              0x20000000         0x00040000         xrw
SCRATCH_X        0x20040000         0x00001000         xrw
SCRATCH_Y        0x20041000         0x00001000         xrw
*default*        0x00000000         0xffffffff

Linker script and memory map

LOAD /usr/lib/gcc/arm-none-eabi/12.2.1/thumb/v6-m/nofp/crti.o
LOAD /usr/lib/gcc/arm-none-eabi/12.2.1/thumb/v6-m/nofp/crtbegin.o
LOAD /usr/lib/gcc/arm-none-eabi/12.2.1/../../../arm-none-eabi/lib/thumb/v6-m/nofp/crt0.o

.flash_begin    0x10000000        0x0
                0x10000000                        __flash_binary_start = .

.boot2          0x10000000      0x100
                0x10000000                        __boot2_start__ = .
 *(.boot2)
 .boot2         0x10000000      0x100 pico-sdk/src/rp2040/boot_stage2/CMakeFiles/bs2_default_library.dir/bs2_default_padded_checksummed.S.o
                0x10000100                        __boot2_end__ = .
                0x00000001                        ASSERT (((__boot2_end__ - __boot2_start__) == 0x100), ERROR: Pico second stage bootloader must be 256 bytes in size)

.text           0x10000100    0x142f4
                0x10000100                        __logical_binary_start = .
 *(.vectors)
 .vectors       0x10000100       0xd4 CMakeFiles/my_project.dir/home/jazhdo/pico/pico-sdk/src/rp2_common/pico_crt0/crt0.S.o
                0x10000100                __vectors
                0x10000100                __VECTOR_TABLE
                0x100001c0                isr_irq30
                0x100001c0                __unhandled_user_irq
                0x100001c0                isr_irq13
                0x100001c0                isr_irq27
                0x100001c0                isr_irq31
                0x100001c0                isr_irq5
                0x100001c0                isr_irq11
                0x100001c0                isr_irq23
                0x100001c0                isr_irq18
                0x100001c0                isr_irq28
                0x100001c0                isr_irq19
                0x100001c0                isr_irq0
                0x100001c0                isr_irq6
                0x100001c0                isr_irq22
                0x100001c0                isr_irq17
                0x100001c0                isr_irq14
                0x100001c0                __vectors_end
                0x100001c0                __default_isrs_start
                0x100001c0                isr_irq2
                0x100001c0                isr_irq10
                0x100001c0                isr_irq8
                0x100001c0                isr_irq24
                0x100001c0                isr_irq1
                0x100001c0                isr_irq7
                0x100001c0                isr_irq21
                0x100001c0                isr_irq20
                0x100001c0                isr_irq15
                0x100001c0                isr_irq25
                0x100001c0                isr_irq4
                0x100001c0                isr_irq16
                0x100001c0                isr_irq29
                0x100001c0                isr_irq26
                0x100001c0                isr_irq3
                0x100001c0                isr_irq12
                0x100001c0                isr_irq9
                0x100001c6                unhandled_user_irq_num_in_r0
                0x100001c8                isr_invalid
                0x100001ca                isr_nmi
                0x100001cc                isr_hardfault
                0x100001ce                isr_svcall
                0x100001d0                isr_pendsv
                0x100001d2                isr_systick
                0x100001d4                __default_isrs_end
 *(.binary_info_header)
 .binary_info_header
                0x100001d4       0x14 CMakeFiles/my_project.dir/home/jazhdo/pico/pico-sdk/src/rp2_common/pico_crt0/crt0.S.o
                0x100001e8                        __binary_info_header_end = .
 *(.embedded_block)
                0x100001e8                        __embedded_block_end = .
 *(.reset)
 .reset         0x100001e8       0x9c CMakeFiles/my_project.dir/home/jazhdo/pico/pico-sdk/src/rp2_common/pico_crt0/crt0.S.o
                0x100001e8                _entry_point
 *(.init)
 .init          0x10000284        0x4 /usr/lib/gcc/arm-none-eabi/12.2.1/thumb/v6-m/nofp/crti.o
                0x10000284                _init
 *(EXCLUDE_FILE(*libm.a: *libc.a:*lib_a-mem*.o *libgcc.a:) .text*)
 .text          0x10000288       0x98 /usr/lib/gcc/arm-none-eabi/12.2.1/thumb/v6-m/nofp/crtbegin.o
 .text.http_accept
                0x10000320       0x14 CMakeFiles/my_project.dir/safe.c.o
 .text.http_recv
                0x10000334       0x84 CMakeFiles/my_project.dir/safe.c.o
 .text.lcd_cmd  0x100003b8       0xf4 CMakeFiles/my_project.dir/safe.c.o
                0x100003b8                lcd_cmd
 .text.lcd_char
                0x100004ac       0xf4 CMakeFiles/my_project.dir/safe.c.o
                0x100004ac                lcd_char
 .text.lcd_init
                0x100005a0       0x48 CMakeFiles/my_project.dir/safe.c.o
                0x100005a0                lcd_init
 .text.lcd_print
                0x100005e8       0x38 CMakeFiles/my_project.dir/safe.c.o
                0x100005e8                lcd_print
 .text.startup.main
                0x10000620      0x2c0 CMakeFiles/my_project.dir/safe.c.o
                0x10000620                main
 .text.gpio_set_function
                0x100008e0       0x34 CMakeFiles/my_project.dir/home/jazhdo/pico/pico-sdk/src/rp2_common/hardware_gpio/gpio.c.o
                0x100008e0                gpio_set_function
 .text.gpio_set_pulls
                0x10000914       0x28 CMakeFiles/my_project.dir/home/jazhdo/pico/pico-sdk/src/rp2_common/hardware_gpio/gpio.c.o
                0x10000914                gpio_set_pulls
 .text.gpio_set_input_hysteresis_enabled
                0x1000093c       0x28 CMakeFiles/my_project.dir/home/jazhdo/pico/pico-sdk/src/rp2_common/hardware_gpio/gpio.c.o
                0x1000093c                gpio_set_input_hysteresis_enabled
 .text.gpio_set_irq_enabled
                0x10000964       0x58 CMakeFiles/my_project.dir/home/jazhdo/pico/pico-sdk/src/rp2_common/hardware_gpio/gpio.c.o
                0x10000964                gpio_set_irq_enabled
 .text.gpio_add_raw_irq_handler_with_order_priority_masked
                0x100009bc       0x44 CMakeFiles/my_project.dir/home/jazhdo/pico/pico-sdk/src/rp2_common/hardware_gpio/gpio.c.o
                0x100009bc                gpio_add_raw_irq_handler_with_order_priority_masked
 .text.gpio_remove_raw_irq_handler_masked
                0x10000a00       0x20 CMakeFiles/my_project.dir/home/jazhdo/pico/pico-sdk/src/rp2_common/hardware_gpio/gpio.c.o
                0x10000a00                gpio_remove_raw_irq_handler_masked
 .text.gpio_init
                0x10000a20       0x40 CMakeFiles/my_project.dir/home/jazhdo/pico/pico-sdk/src/rp2_common/hardware_gpio/gpio.c.o
                0x10000a20                gpio_init
 .text.panic    0x10000a60       0x30 CMakeFiles/my_project.dir/home/jazhdo/pico/pico-sdk/src/rp2_common/pico_platform_panic/panic.c.o
                0x10000a60                panic
 .text.hw_claim_lock
                0x10000a90       0x18 CMakeFiles/my_project.dir/home/jazhdo/pico/pico-sdk/src/common/hardware_claim/claim.c.o
                0x10000a90                hw_claim_lock
 .text.hw_claim_unlock
                0x10000aa8       0x14 CMakeFiles/my_project.dir/home/jazhdo/pico/pico-sdk/src/common/hardware_claim/claim.c.o
                0x10000aa8                hw_claim_unlock
 .text.hw_claim_or_assert
                0x10000abc       0x44 CMakeFiles/my_project.dir/home/jazhdo/pico/pico-sdk/src/common/hardware_claim/claim.c.o
                0x10000abc                hw_claim_or_assert
 .text.hw_claim_unused_from_range
                0x10000b00       0x9c CMakeFiles/my_project.dir/home/jazhdo/pico/pico-sdk/src/common/hardware_claim/claim.c.o
                0x10000b00                hw_claim_unused_from_range
 .text.hw_claim_clear
                0x10000b9c       0x38 CMakeFiles/my_project.dir/home/jazhdo/pico/pico-sdk/src/common/hardware_claim/claim.c.o
                0x10000b9c                hw_claim_clear
 .text.next_striped_spin_lock_num
                0x10000bd4       0x18 CMakeFiles/my_project.dir/home/jazhdo/pico/pico-sdk/src/rp2_common/hardware_sync/sync.c.o
                0x10000bd4                next_striped_spin_lock_num
 .text.spin_locks_reset
                0x10000bec       0x1c CMakeFiles/my_project.dir/home/jazhdo/pico/pico-sdk/src/rp2_common/hardware_sync_spin_lock/sync_spin_lock.c.o
                0x10000bec                spin_locks_reset
 .text.runtime_init_per_core_irq_priorities
                0x10000c08       0x24 CMakeFiles/my_project.dir/home/jazhdo/pico/pico-sdk/src/rp2_common/hardware_irq/irq.c.o
                0x10000c08                runtime_init_per_core_irq_priorities
 .text.irq_set_enabled
                0x10000c2c       0x24 CMakeFiles/my_project.dir/home/jazhdo/pico/pico-sdk/src/rp2_common/hardware_irq/irq.c.o
                0x10000c2c                irq_set_enabled
 .text.irq_set_pending
                0x10000c50       0x10 CMakeFiles/my_project.dir/home/jazhdo/pico/pico-sdk/src/rp2_common/hardware_irq/irq.c.o
                0x10000c50                irq_set_pending
 .text.irq_set_exclusive_handler
                0x10000c60       0x54 CMakeFiles/my_project.dir/home/jazhdo/pico/pico-sdk/src/rp2_common/hardware_irq/irq.c.o
                0x10000c60                irq_set_exclusive_handler
 .text.irq_add_shared_handler
                0x10000cb4      0x1f4 CMakeFiles/my_project.dir/home/jazhdo/pico/pico-sdk/src/rp2_common/hardware_irq/irq.c.o
                0x10000cb4                irq_add_shared_handler
 .text.irq_remove_handler
                0x10000ea8      0x1d4 CMakeFiles/my_project.dir/home/jazhdo/pico/pico-sdk/src/rp2_common/hardware_irq/irq.c.o
                0x10000ea8                irq_remove_handler
 .text.irq_set_priority
                0x1000107c       0x28 CMakeFiles/my_project.dir/home/jazhdo/pico/pico-sdk/src/rp2_common/hardware_irq/irq.c.o
                0x1000107c                irq_set_priority
 .text.irq_add_tail_to_free_list
                0x100010a4       0xb4 CMakeFiles/my_project.dir/home/jazhdo/pico/pico-sdk/src/rp2_common/hardware_irq/irq.c.o
                0x100010a4                irq_add_tail_to_free_list
 .text.user_irq_unclaim
                0x10001158       0x14 CMakeFiles/my_project.dir/home/jazhdo/pico/pico-sdk/src/rp2_common/hardware_irq/irq.c.o
                0x10001158                user_irq_unclaim
 .text.user_irq_claim_unused
                0x1000116c       0x2c CMakeFiles/my_project.dir/home/jazhdo/pico/pico-sdk/src/rp2_common/hardware_irq/irq.c.o
                0x1000116c                user_irq_claim_unused
 .text.sem_init
                0x10001198       0x20 CMakeFiles/my_project.dir/home/jazhdo/pico/pico-sdk/src/common/pico_sync/sem.c.o
                0x10001198                sem_init
 .text.lock_init
                0x100011b8       0x10 CMakeFiles/my_project.dir/home/jazhdo/pico/pico-sdk/src/common/pico_sync/lock_core.c.o
                0x100011b8                lock_init
 .text.runtime_init_mutex
                0x100011c8       0x58 CMakeFiles/my_project.dir/home/jazhdo/pico/pico-sdk/src/common/pico_sync/mutex.c.o
                0x100011c8                runtime_init_mutex
 .text.recursive_mutex_init
                0x10001220       0x1c CMakeFiles/my_project.dir/home/jazhdo/pico/pico-sdk/src/common/pico_sync/mutex.c.o
                0x10001220                recursive_mutex_init
 .text.sleep_until_callback
                0x1000123c       0x30 CMakeFiles/my_project.dir/home/jazhdo/pico/pico-sdk/src/common/pico_time/time.c.o
 .text.alarm_pool_irq_handler
                0x1000126c      0x300 CMakeFiles/my_project.dir/home/jazhdo/pico/pico-sdk/src/common/pico_time/time.c.o
 .text.runtime_init_default_alarm_pool
                0x1000156c       0xdc CMakeFiles/my_project.dir/home/jazhdo/pico/pico-sdk/src/common/pico_time/time.c.o
                0x1000156c                runtime_init_default_alarm_pool
 .text.alarm_pool_get_default
                0x10001648        0x8 CMakeFiles/my_project.dir/home/jazhdo/pico/pico-sdk/src/common/pico_time/time.c.o
                0x10001648                alarm_pool_get_default
 .text.alarm_pool_add_alarm_at
                0x10001650       0xd4 CMakeFiles/my_project.dir/home/jazhdo/pico/pico-sdk/src/common/pico_time/time.c.o
                0x10001650                alarm_pool_add_alarm_at
 .text.alarm_pool_add_alarm_at_force_in_context
                0x10001724       0xb0 CMakeFiles/my_project.dir/home/jazhdo/pico/pico-sdk/src/common/pico_time/time.c.o
                0x10001724                alarm_pool_add_alarm_at_force_in_context
 .text.alarm_pool_cancel_alarm
                0x100017d4       0x74 CMakeFiles/my_project.dir/home/jazhdo/pico/pico-sdk/src/common/pico_time/time.c.o
                0x100017d4                alarm_pool_cancel_alarm
 .text.sleep_until
                0x10001848       0xd8 CMakeFiles/my_project.dir/home/jazhdo/pico/pico-sdk/src/common/pico_time/time.c.o
                0x10001848                sleep_until
 .text.sleep_us
                0x10001920       0x28 CMakeFiles/my_project.dir/home/jazhdo/pico/pico-sdk/src/common/pico_time/time.c.o
                0x10001920                sleep_us
 .text.sleep_ms
                0x10001948       0x38 CMakeFiles/my_project.dir/home/jazhdo/pico/pico-sdk/src/common/pico_time/time.c.o
                0x10001948                sleep_ms
 .text.best_effort_wfe_or_timeout
                0x10001980       0xfc CMakeFiles/my_project.dir/home/jazhdo/pico/pico-sdk/src/common/pico_time/time.c.o
                0x10001980                best_effort_wfe_or_timeout
 .text.timer_hardware_alarm_claim
                0x10001a7c       0x14 CMakeFiles/my_project.dir/home/jazhdo/pico/pico-sdk/src/rp2_common/hardware_timer/timer.c.o
                0x10001a7c                timer_hardware_alarm_claim
 .text.timer_time_us_64
                0x10001a90       0x10 CMakeFiles/my_project.dir/home/jazhdo/pico/pico-sdk/src/rp2_common/hardware_timer/timer.c.o
                0x10001a90                timer_time_us_64
 .text.time_us_64
                0x10001aa0       0x14 CMakeFiles/my_project.dir/home/jazhdo/pico/pico-sdk/src/rp2_common/hardware_timer/timer.c.o
                0x10001aa0                time_us_64
 .text.busy_wait_us
                0x10001ab4       0x68 CMakeFiles/my_project.dir/home/jazhdo/pico/pico-sdk/src/rp2_common/hardware_timer/timer.c.o
                0x10001ab4                busy_wait_us
 .text.busy_wait_until
                0x10001b1c       0x20 CMakeFiles/my_project.dir/home/jazhdo/pico/pico-sdk/src/rp2_common/hardware_timer/timer.c.o
                0x10001b1c                busy_wait_until
 .text.uart_init
                0x10001b3c      0x11c CMakeFiles/my_project.dir/home/jazhdo/pico/pico-sdk/src/rp2_common/hardware_uart/uart.c.o
                0x10001b3c                uart_init
 .text.clock_configure_int_divider
                0x10001c58       0xf4 CMakeFiles/my_project.dir/home/jazhdo/pico/pico-sdk/src/rp2_common/hardware_clocks/clocks.c.o
                0x10001c58                clock_configure_int_divider
 .text.clock_configure_undivided
                0x10001d4c       0xe8 CMakeFiles/my_project.dir/home/jazhdo/pico/pico-sdk/src/rp2_common/hardware_clocks/clocks.c.o
                0x10001d4c                clock_configure_undivided
 .text.clock_get_hz
                0x10001e34        0xc CMakeFiles/my_project.dir/home/jazhdo/pico/pico-sdk/src/rp2_common/hardware_clocks/clocks.c.o
                0x10001e34                clock_get_hz
 .text.pll_init
                0x10001e40       0xa0 CMakeFiles/my_project.dir/home/jazhdo/pico/pico-sdk/src/rp2_common/hardware_pll/pll.c.o
                0x10001e40                pll_init
 .text.tick_start
                0x10001ee0       0x10 CMakeFiles/my_project.dir/home/jazhdo/pico/pico-sdk/src/rp2_common/hardware_ticks/ticks.c.o
                0x10001ee0                tick_start
 .text.rom_func_lookup
                0x10001ef0       0x10 CMakeFiles/my_project.dir/home/jazhdo/pico/pico-sdk/src/rp2_common/pico_bootrom/bootrom.c.o
                0x10001ef0                rom_func_lookup
 .text.rom_data_lookup
                0x10001f00       0x10 CMakeFiles/my_project.dir/home/jazhdo/pico/pico-sdk/src/rp2_common/pico_bootrom/bootrom.c.o
                0x10001f00                rom_data_lookup
 .text.rom_funcs_lookup
                0x10001f10       0x44 CMakeFiles/my_project.dir/home/jazhdo/pico/pico-sdk/src/rp2_common/pico_bootrom/bootrom.c.o
                0x10001f10                rom_funcs_lookup
 .text.xosc_init
                0x10001f54       0x28 CMakeFiles/my_project.dir/home/jazhdo/pico/pico-sdk/src/rp2_common/hardware_xosc/xosc.c.o
                0x10001f54                xosc_init
 .text.first_per_core_initializer
                0x10001f7c        0x4 CMakeFiles/my_project.dir/home/jazhdo/pico/pico-sdk/src/rp2_common/pico_runtime/runtime.c.o
 .text.hard_assertion_failure
                0x10001f80        0xc CMakeFiles/my_project.dir/home/jazhdo/pico/pico-sdk/src/rp2_common/pico_runtime/runtime.c.o
                0x10001f80                hard_assertion_failure
 .text.runtime_run_initializers
                0x10001f8c       0x28 CMakeFiles/my_project.dir/home/jazhdo/pico/pico-sdk/src/rp2_common/pico_runtime/runtime.c.o
                0x10001f8c                runtime_run_initializers
 .text.runtime_init_early_resets
                0x10001fb4       0x2c CMakeFiles/my_project.dir/home/jazhdo/pico/pico-sdk/src/rp2_common/pico_runtime_init/runtime_init.c.o
                0x10001fb4                runtime_init_early_resets
 .text.runtime_init_usb_power_down
                0x10001fe0       0x1c CMakeFiles/my_project.dir/home/jazhdo/pico/pico-sdk/src/rp2_common/pico_runtime_init/runtime_init.c.o
                0x10001fe0                runtime_init_usb_power_down
 .text.runtime_init_post_clock_resets
                0x10001ffc       0x20 CMakeFiles/my_project.dir/home/jazhdo/pico/pico-sdk/src/rp2_common/pico_runtime_init/runtime_init.c.o
                0x10001ffc                runtime_init_post_clock_resets
 .text.runtime_init_rp2040_gpio_ie_disable
                0x1000201c       0x14 CMakeFiles/my_project.dir/home/jazhdo/pico/pico-sdk/src/rp2_common/pico_runtime_init/runtime_init.c.o
                0x1000201c                runtime_init_rp2040_gpio_ie_disable
 .text.runtime_init_spin_locks_reset
                0x10002030        0x8 CMakeFiles/my_project.dir/home/jazhdo/pico/pico-sdk/src/rp2_common/pico_runtime_init/runtime_init.c.o
                0x10002030                runtime_init_spin_locks_reset
 .text.runtime_init_install_ram_vector_table
                0x10002038       0xc4 CMakeFiles/my_project.dir/home/jazhdo/pico/pico-sdk/src/rp2_common/pico_runtime_init/runtime_init.c.o
                0x10002038                runtime_init_install_ram_vector_table
 .text.runtime_init_clocks
                0x100020fc       0xd8 CMakeFiles/my_project.dir/home/jazhdo/pico/pico-sdk/src/rp2_common/pico_runtime_init/runtime_init_clocks.c.o
                0x100020fc                runtime_init_clocks
 .text          0x100021d4       0x10 CMakeFiles/my_project.dir/home/jazhdo/pico/pico-sdk/src/rp2_common/pico_bit_ops/bit_ops_aeabi.S.o
 .text.ctzsi    0x100021e4        0xc CMakeFiles/my_project.dir/home/jazhdo/pico/pico-sdk/src/rp2_common/pico_bit_ops/bit_ops_aeabi.S.o
                0x100021e4                __wrap___ctzsi2
 .text.__wrap___aeabi_idiv
                0x100021f0       0x50 CMakeFiles/my_project.dir/home/jazhdo/pico/pico-sdk/src/rp2_common/pico_divider/divider_hardware.S.o
                0x100021f0                __wrap___aeabi_idivmod
                0x100021f0                divmod_s32s32
                0x100021f0                div_s32s32
                0x100021f0                __wrap___aeabi_idiv
                0x100021f8                divmod_s32s32_unsafe
                0x10002224                divmod_s32s32_savestate
 .text.__wrap___aeabi_uidiv
                0x10002240       0x4c CMakeFiles/my_project.dir/home/jazhdo/pico/pico-sdk/src/rp2_common/pico_divider/divider_hardware.S.o
                0x10002240                __wrap___aeabi_uidiv
                0x10002240                __wrap___aeabi_uidivmod
                0x10002240                div_u32u32
                0x10002240                divmod_u32u32
                0x10002248                divmod_u32u32_unsafe
                0x10002270                divmod_u32u32_savestate
 .text.__wrap___aeabi_ldiv
                0x1000228c      0x424 CMakeFiles/my_project.dir/home/jazhdo/pico/pico-sdk/src/rp2_common/pico_divider/divider_hardware.S.o
                0x1000228c                div_s64s64
                0x1000228c                divmod_s64s64
                0x1000228c                __wrap___aeabi_ldivmod
                0x100022bc                div_u64u64
                0x100022bc                divmod_u64u64
                0x100022bc                __wrap___aeabi_uldivmod
                0x100022cc                divmod_u64u64_savestate
                0x100022ec                divmod_s64s64_unsafe
                0x10002374                divmod_u64u64_unsafe
 .text.__wrap___aeabi_darithmetic
                0x100026b0       0x60 CMakeFiles/my_project.dir/home/jazhdo/pico/pico-sdk/src/rp2_common/pico_double/double_aeabi_rp2040.S.o
                0x100026b0                __wrap___aeabi_drsub
                0x100026b6                __wrap___aeabi_dsub
                0x100026c0                __wrap___aeabi_dadd
                0x100026ca                __wrap___aeabi_ddiv
                0x100026fe                __wrap___aeabi_dmul
 .text.__wrap___aeabi_cdcmple
                0x10002710       0x6c CMakeFiles/my_project.dir/home/jazhdo/pico/pico-sdk/src/rp2_common/pico_double/double_aeabi_rp2040.S.o
                0x10002710                __wrap___aeabi_cdrcmple
                0x10002720                __wrap___aeabi_cdcmple
                0x10002720                __wrap___aeabi_cdcmpeq
 .text.__wrap___aeabi_dcmplt
                0x1000277c        0xc CMakeFiles/my_project.dir/home/jazhdo/pico/pico-sdk/src/rp2_common/pico_double/double_aeabi_rp2040.S.o
                0x1000277c                __wrap___aeabi_dcmplt
 .text.__wrap___aeabi_dcmpge
                0x10002788       0x10 CMakeFiles/my_project.dir/home/jazhdo/pico/pico-sdk/src/rp2_common/pico_double/double_aeabi_rp2040.S.o
                0x10002788                __wrap___aeabi_dcmpge
 .text.__wrap___aeabi_dcmpgt
                0x10002798        0xa CMakeFiles/my_project.dir/home/jazhdo/pico/pico-sdk/src/rp2_common/pico_double/double_aeabi_rp2040.S.o
                0x10002798                __wrap___aeabi_dcmpgt
 .text.__wrap___aeabi_dcmpun
                0x100027a2       0x18 CMakeFiles/my_project.dir/home/jazhdo/pico/pico-sdk/src/rp2_common/pico_double/double_aeabi_rp2040.S.o
                0x100027a2                __wrap___aeabi_dcmpun
 *fill*         0x100027ba        0x2 
 .text.__wrap___aeabi_i2d
                0x100027bc       0x38 CMakeFiles/my_project.dir/home/jazhdo/pico/pico-sdk/src/rp2_common/pico_double/double_aeabi_rp2040.S.o
                0x100027bc                __wrap___aeabi_ui2d
                0x100027bc                uint2double
                0x100027c4                __wrap___aeabi_i2d
                0x100027c4                int2double
 .text.__wrap___aeabi_d2iz
                0x100027f4       0x48 CMakeFiles/my_project.dir/home/jazhdo/pico/pico-sdk/src/rp2_common/pico_double/double_aeabi_rp2040.S.o
                0x100027f4                __wrap___aeabi_d2iz
                0x100027f4                double2int_z
 .text.__wrap___aeabi_d2uiz
                0x1000283c       0x10 CMakeFiles/my_project.dir/home/jazhdo/pico/pico-sdk/src/rp2_common/pico_double/double_aeabi_rp2040.S.o
                0x1000283c                double2uint_z
                0x1000283c                double2uint
                0x1000283c                __wrap___aeabi_d2uiz
 .text.missing_double_func_shim
                0x1000284c        0xc CMakeFiles/my_project.dir/home/jazhdo/pico/pico-sdk/src/rp2_common/pico_double/double_init_rom_rp2040.c.o
 .text.__aeabi_double_init
                0x10002858       0xa0 CMakeFiles/my_project.dir/home/jazhdo/pico/pico-sdk/src/rp2_common/pico_double/double_init_rom_rp2040.c.o
                0x10002858                __aeabi_double_init
 .text.double_table_shim_on_use_helper
                0x100028f8       0x2c CMakeFiles/my_project.dir/home/jazhdo/pico/pico-sdk/src/rp2_common/pico_double/double_v1_rom_shim_rp2040.S.o
                0x100028f8                double_table_shim_on_use_helper
 .text.__aeabi_lmul
                0x10002924       0x32 CMakeFiles/my_project.dir/home/jazhdo/pico/pico-sdk/src/rp2_common/pico_int64_ops/pico_int64_ops_aeabi.S.o
                0x10002924                __wrap___aeabi_lmul
 *fill*         0x10002956        0x2 
 .text.missing_float_func_shim
                0x10002958        0xc CMakeFiles/my_project.dir/home/jazhdo/pico/pico-sdk/src/rp2_common/pico_float/float_init_rom_rp2040.c.o
 .text.__aeabi_float_init
                0x10002964       0x5c CMakeFiles/my_project.dir/home/jazhdo/pico/pico-sdk/src/rp2_common/pico_float/float_init_rom_rp2040.c.o
                0x10002964                __aeabi_float_init
 .text          0x100029c0       0x10 CMakeFiles/my_project.dir/home/jazhdo/pico/pico-sdk/src/rp2_common/pico_mem_ops/mem_ops_aeabi.S.o
                0x100029c0                __aeabi_mem_init
 .text.memset   0x100029d0        0xc CMakeFiles/my_project.dir/home/jazhdo/pico/pico-sdk/src/rp2_common/pico_mem_ops/mem_ops_aeabi.S.o
                0x100029d0                __wrap_memset
 .text.memcpy   0x100029dc        0xc CMakeFiles/my_project.dir/home/jazhdo/pico/pico-sdk/src/rp2_common/pico_mem_ops/mem_ops_aeabi.S.o
                0x100029dc                __wrap___aeabi_memcpy
                0x100029dc                __wrap_memcpy
 .text._out_buffer
                0x100029e8        0x8 CMakeFiles/my_project.dir/home/jazhdo/pico/pico-sdk/src/rp2_common/pico_printf/printf.c.o
 .text._out_null
                0x100029f0        0x4 CMakeFiles/my_project.dir/home/jazhdo/pico/pico-sdk/src/rp2_common/pico_printf/printf.c.o
 .text._out_rev
                0x100029f4       0x90 CMakeFiles/my_project.dir/home/jazhdo/pico/pico-sdk/src/rp2_common/pico_printf/printf.c.o
 .text._ntoa_format
                0x10002a84      0x1f4 CMakeFiles/my_project.dir/home/jazhdo/pico/pico-sdk/src/rp2_common/pico_printf/printf.c.o
 .text._out_char
                0x10002c78       0x10 CMakeFiles/my_project.dir/home/jazhdo/pico/pico-sdk/src/rp2_common/pico_printf/printf.c.o
 .text._out_fct
                0x10002c88       0x10 CMakeFiles/my_project.dir/home/jazhdo/pico/pico-sdk/src/rp2_common/pico_printf/printf.c.o
 .text._etoa    0x10002c98      0x454 CMakeFiles/my_project.dir/home/jazhdo/pico/pico-sdk/src/rp2_common/pico_printf/printf.c.o
 .text._ftoa    0x100030ec      0x3c4 CMakeFiles/my_project.dir/home/jazhdo/pico/pico-sdk/src/rp2_common/pico_printf/printf.c.o
 .text._vsnprintf
                0x100034b0      0xb24 CMakeFiles/my_project.dir/home/jazhdo/pico/pico-sdk/src/rp2_common/pico_printf/printf.c.o
 .text.__wrap_sprintf
                0x10003fd4       0x2c CMakeFiles/my_project.dir/home/jazhdo/pico/pico-sdk/src/rp2_common/pico_printf/printf.c.o
                0x10003fd4                __wrap_sprintf
 .text.vfctprintf
                0x10004000       0x20 CMakeFiles/my_project.dir/home/jazhdo/pico/pico-sdk/src/rp2_common/pico_printf/printf.c.o
                0x10004000                vfctprintf
 .text.weak_raw_vprintf
                0x10004020       0x30 CMakeFiles/my_project.dir/home/jazhdo/pico/pico-sdk/src/rp2_common/pico_printf/printf.c.o
                0x10004020                weak_raw_vprintf
 .text._exit    0x10004050        0x4 CMakeFiles/my_project.dir/home/jazhdo/pico/pico-sdk/src/rp2_common/pico_clib_interface/newlib_interface.c.o
                0x10004050                _exit
 .text.exit     0x10004054        0x8 CMakeFiles/my_project.dir/home/jazhdo/pico/pico-sdk/src/rp2_common/pico_clib_interface/newlib_interface.c.o
                0x10004054                exit
 .text.runtime_init
                0x1000405c       0x2c CMakeFiles/my_project.dir/home/jazhdo/pico/pico-sdk/src/rp2_common/pico_clib_interface/newlib_interface.c.o
                0x1000405c                runtime_init
 .text.stdio_out_chars_no_crlf
                0x10004088       0x10 CMakeFiles/my_project.dir/home/jazhdo/pico/pico-sdk/src/rp2_common/pico_stdio/stdio.c.o
 .text.stdio_out_chars_crlf
                0x10004098       0xbc CMakeFiles/my_project.dir/home/jazhdo/pico/pico-sdk/src/rp2_common/pico_stdio/stdio.c.o
 .text.stdio_buffered_printer
                0x10004154       0x64 CMakeFiles/my_project.dir/home/jazhdo/pico/pico-sdk/src/rp2_common/pico_stdio/stdio.c.o
 .text.stdio_put_string
                0x100041b8      0x100 CMakeFiles/my_project.dir/home/jazhdo/pico/pico-sdk/src/rp2_common/pico_stdio/stdio.c.o
                0x100041b8                stdio_put_string
 .text.stdio_set_driver_enabled
                0x100042b8       0x30 CMakeFiles/my_project.dir/home/jazhdo/pico/pico-sdk/src/rp2_common/pico_stdio/stdio.c.o
                0x100042b8                stdio_set_driver_enabled
 .text.stdio_init_all
                0x100042e8        0xc CMakeFiles/my_project.dir/home/jazhdo/pico/pico-sdk/src/rp2_common/pico_stdio/stdio.c.o
                0x100042e8                stdio_init_all
 .text.__wrap_putchar
                0x100042f4       0x98 CMakeFiles/my_project.dir/home/jazhdo/pico/pico-sdk/src/rp2_common/pico_stdio/stdio.c.o
                0x100042f4                stdio_putchar
                0x100042f4                __wrap_putchar
 .text.__wrap_puts
                0x1000438c       0x3c CMakeFiles/my_project.dir/home/jazhdo/pico/pico-sdk/src/rp2_common/pico_stdio/stdio.c.o
                0x1000438c                __wrap_puts
                0x1000438c                stdio_puts
 .text.__wrap_vprintf
                0x100043c8       0xd4 CMakeFiles/my_project.dir/home/jazhdo/pico/pico-sdk/src/rp2_common/pico_stdio/stdio.c.o
                0x100043c8                __wrap_vprintf
                0x100043c8                stdio_vprintf
 .text.__wrap_printf
                0x1000449c       0x18 CMakeFiles/my_project.dir/home/jazhdo/pico/pico-sdk/src/rp2_common/pico_stdio/stdio.c.o
                0x1000449c                stdio_printf
                0x1000449c                __wrap_printf
 .text.stdio_uart_out_chars
                0x100044b4       0x4c CMakeFiles/my_project.dir/home/jazhdo/pico/pico-sdk/src/rp2_common/pico_stdio_uart/stdio_uart.c.o
 .text.stdio_uart_in_chars
                0x10004500       0x98 CMakeFiles/my_project.dir/home/jazhdo/pico/pico-sdk/src/rp2_common/pico_stdio_uart/stdio_uart.c.o
                0x10004500                stdio_uart_in_chars
 .text.on_uart_rx
                0x10004598       0x28 CMakeFiles/my_project.dir/home/jazhdo/pico/pico-sdk/src/rp2_common/pico_stdio_uart/stdio_uart.c.o
 .text.stdio_uart_out_flush
                0x100045c0       0x14 CMakeFiles/my_project.dir/home/jazhdo/pico/pico-sdk/src/rp2_common/pico_stdio_uart/stdio_uart.c.o
 .text.stdio_uart_set_chars_available_callback
                0x100045d4       0x88 CMakeFiles/my_project.dir/home/jazhdo/pico/pico-sdk/src/rp2_common/pico_stdio_uart/stdio_uart.c.o
 .text.stdio_uart_init
                0x1000465c       0x50 CMakeFiles/my_project.dir/home/jazhdo/pico/pico-sdk/src/rp2_common/pico_stdio_uart/stdio_uart.c.o
                0x1000465c                stdio_uart_init
 .text.lwip_timeout_reached
                0x100046ac        0x8 CMakeFiles/my_project.dir/home/jazhdo/pico/pico-sdk/src/rp2_common/pico_lwip/lwip_nosys.c.o
 .text.update_next_timeout
                0x100046b4       0x60 CMakeFiles/my_project.dir/home/jazhdo/pico/pico-sdk/src/rp2_common/pico_lwip/lwip_nosys.c.o
 .text.lwip_nosys_init
                0x10004714       0x30 CMakeFiles/my_project.dir/home/jazhdo/pico/pico-sdk/src/rp2_common/pico_lwip/lwip_nosys.c.o
                0x10004714                lwip_nosys_init
 .text.lwip_nosys_deinit
                0x10004744       0x20 CMakeFiles/my_project.dir/home/jazhdo/pico/pico-sdk/src/rp2_common/pico_lwip/lwip_nosys.c.o
                0x10004744                lwip_nosys_deinit
 .text.sys_arch_protect
                0x10004764        0x4 CMakeFiles/my_project.dir/home/jazhdo/pico/pico-sdk/src/rp2_common/pico_lwip/lwip_nosys.c.o
                0x10004764                sys_arch_protect
 .text.sys_arch_unprotect
                0x10004768        0x4 CMakeFiles/my_project.dir/home/jazhdo/pico/pico-sdk/src/rp2_common/pico_lwip/lwip_nosys.c.o
                0x10004768                sys_arch_unprotect
 .text.sys_now  0x1000476c       0x20 CMakeFiles/my_project.dir/home/jazhdo/pico/pico-sdk/src/rp2_common/pico_lwip/lwip_nosys.c.o
                0x1000476c                sys_now
 .text.async_context_base_add_at_time_worker
                0x1000478c       0x24 CMakeFiles/my_project.dir/home/jazhdo/pico/pico-sdk/src/rp2_common/pico_async_context/async_context_base.c.o
                0x1000478c                async_context_base_add_at_time_worker
 .text.async_context_base_remove_at_time_worker
                0x100047b0       0x28 CMakeFiles/my_project.dir/home/jazhdo/pico/pico-sdk/src/rp2_common/pico_async_context/async_context_base.c.o
                0x100047b0                async_context_base_remove_at_time_worker
 .text.async_context_base_add_when_pending_worker
                0x100047d8       0x24 CMakeFiles/my_project.dir/home/jazhdo/pico/pico-sdk/src/rp2_common/pico_async_context/async_context_base.c.o
                0x100047d8                async_context_base_add_when_pending_worker
 .text.async_context_base_remove_when_pending_worker
                0x100047fc       0x28 CMakeFiles/my_project.dir/home/jazhdo/pico/pico-sdk/src/rp2_common/pico_async_context/async_context_base.c.o
                0x100047fc                async_context_base_remove_when_pending_worker
 .text.async_context_base_execute_once
                0x10004824       0xfc CMakeFiles/my_project.dir/home/jazhdo/pico/pico-sdk/src/rp2_common/pico_async_context/async_context_base.c.o
                0x10004824                async_context_base_execute_once
 .text.splitmix64
                0x10004920       0x58 CMakeFiles/my_project.dir/home/jazhdo/pico/pico-sdk/src/rp2_common/pico_rand/rand.c.o
 .text.xoroshiro128ss
                0x10004978       0x90 CMakeFiles/my_project.dir/home/jazhdo/pico/pico-sdk/src/rp2_common/pico_rand/rand.c.o
 .text.get_rand_64
                0x10004a08      0x4a4 CMakeFiles/my_project.dir/home/jazhdo/pico/pico-sdk/src/rp2_common/pico_rand/rand.c.o
                0x10004a08                get_rand_64
 .text.get_rand_32
                0x10004eac        0x8 CMakeFiles/my_project.dir/home/jazhdo/pico/pico-sdk/src/rp2_common/pico_rand/rand.c.o
                0x10004eac                get_rand_32
 .text.startup._retrieve_unique_id_on_boot
                0x10004eb4       0x10 CMakeFiles/my_project.dir/home/jazhdo/pico/pico-sdk/src/rp2_common/pico_unique_id/unique_id.c.o
 .text.pico_get_unique_board_id
                0x10004ec4       0x10 CMakeFiles/my_project.dir/home/jazhdo/pico/pico-sdk/src/rp2_common/pico_unique_id/unique_id.c.o
                0x10004ec4                pico_get_unique_board_id
 .text.flash_get_unique_id
                0x10004ed4       0x40 CMakeFiles/my_project.dir/home/jazhdo/pico/pico-sdk/src/rp2_common/hardware_flash/flash.c.o
                0x10004ed4                flash_get_unique_id
 .text.lwip_init
                0x10004f14       0x28 CMakeFiles/my_project.dir/home/jazhdo/pico/pico-sdk/lib/lwip/src/core/init.c.o
                0x10004f14                lwip_init
 .text.lwip_htons
                0x10004f3c        0x8 CMakeFiles/my_project.dir/home/jazhdo/pico/pico-sdk/lib/lwip/src/core/def.c.o
                0x10004f3c                lwip_htons
 .text.lwip_htonl
                0x10004f44        0x4 CMakeFiles/my_project.dir/home/jazhdo/pico/pico-sdk/lib/lwip/src/core/def.c.o
                0x10004f44                lwip_htonl
 .text.dns_call_found
                0x10004f48      0x184 CMakeFiles/my_project.dir/home/jazhdo/pico/pico-sdk/lib/lwip/src/core/dns.c.o
 .text.dns_send.isra.0
                0x100050cc      0x174 CMakeFiles/my_project.dir/home/jazhdo/pico/pico-sdk/lib/lwip/src/core/dns.c.o
 .text.dns_init
                0x10005240        0x4 CMakeFiles/my_project.dir/home/jazhdo/pico/pico-sdk/lib/lwip/src/core/dns.c.o
                0x10005240                dns_init
 .text.dns_setserver
                0x10005244       0x24 CMakeFiles/my_project.dir/home/jazhdo/pico/pico-sdk/lib/lwip/src/core/dns.c.o
                0x10005244                dns_setserver
 .text.dns_tmr  0x10005268      0x140 CMakeFiles/my_project.dir/home/jazhdo/pico/pico-sdk/lib/lwip/src/core/dns.c.o
                0x10005268                dns_tmr
 .text.lwip_standard_chksum
                0x100053a8       0x88 CMakeFiles/my_project.dir/home/jazhdo/pico/pico-sdk/lib/lwip/src/core/inet_chksum.c.o
                0x100053a8                lwip_standard_chksum
 .text.inet_chksum_pseudo
                0x10005430       0xbc CMakeFiles/my_project.dir/home/jazhdo/pico/pico-sdk/lib/lwip/src/core/inet_chksum.c.o
                0x10005430                inet_chksum_pseudo
 .text.ip_chksum_pseudo
                0x100054ec       0x10 CMakeFiles/my_project.dir/home/jazhdo/pico/pico-sdk/lib/lwip/src/core/inet_chksum.c.o
                0x100054ec                ip_chksum_pseudo
 .text.inet_chksum
                0x100054fc       0x8c CMakeFiles/my_project.dir/home/jazhdo/pico/pico-sdk/lib/lwip/src/core/inet_chksum.c.o
                0x100054fc                inet_chksum
 .text.inet_chksum_pbuf
                0x10005588       0x78 CMakeFiles/my_project.dir/home/jazhdo/pico/pico-sdk/lib/lwip/src/core/inet_chksum.c.o
                0x10005588                inet_chksum_pbuf
 .text.mem_init
                0x10005600       0x48 CMakeFiles/my_project.dir/home/jazhdo/pico/pico-sdk/lib/lwip/src/core/mem.c.o
                0x10005600                mem_init
 .text.mem_free
                0x10005648      0x14c CMakeFiles/my_project.dir/home/jazhdo/pico/pico-sdk/lib/lwip/src/core/mem.c.o
                0x10005648                mem_free
 .text.mem_trim
                0x10005794      0x150 CMakeFiles/my_project.dir/home/jazhdo/pico/pico-sdk/lib/lwip/src/core/mem.c.o
                0x10005794                mem_trim
 .text.mem_malloc
                0x100058e4      0x164 CMakeFiles/my_project.dir/home/jazhdo/pico/pico-sdk/lib/lwip/src/core/mem.c.o
                0x100058e4                mem_malloc
 .text.memp_init
                0x10005a48       0x94 CMakeFiles/my_project.dir/home/jazhdo/pico/pico-sdk/lib/lwip/src/core/memp.c.o
                0x10005a48                memp_init
 .text.memp_malloc
                0x10005adc       0x5c CMakeFiles/my_project.dir/home/jazhdo/pico/pico-sdk/lib/lwip/src/core/memp.c.o
                0x10005adc                memp_malloc
 .text.memp_free
                0x10005b38       0x40 CMakeFiles/my_project.dir/home/jazhdo/pico/pico-sdk/lib/lwip/src/core/memp.c.o
                0x10005b38                memp_free
 .text.netif_null_output_ip4
                0x10005b78        0x8 CMakeFiles/my_project.dir/home/jazhdo/pico/pico-sdk/lib/lwip/src/core/netif.c.o
 .text.netif_do_set_ipaddr.isra.0
                0x10005b80       0x68 CMakeFiles/my_project.dir/home/jazhdo/pico/pico-sdk/lib/lwip/src/core/netif.c.o
 .text.netif_init
                0x10005be8        0x4 CMakeFiles/my_project.dir/home/jazhdo/pico/pico-sdk/lib/lwip/src/core/netif.c.o
                0x10005be8                netif_init
 .text.netif_add
                0x10005bec      0x180 CMakeFiles/my_project.dir/home/jazhdo/pico/pico-sdk/lib/lwip/src/core/netif.c.o
                0x10005bec                netif_add
 .text.netif_remove
                0x10005d6c       0x98 CMakeFiles/my_project.dir/home/jazhdo/pico/pico-sdk/lib/lwip/src/core/netif.c.o
                0x10005d6c                netif_remove
 .text.netif_set_default
                0x10005e04        0xc CMakeFiles/my_project.dir/home/jazhdo/pico/pico-sdk/lib/lwip/src/core/netif.c.o
                0x10005e04                netif_set_default
 .text.netif_set_up
                0x10005e10       0x50 CMakeFiles/my_project.dir/home/jazhdo/pico/pico-sdk/lib/lwip/src/core/netif.c.o
                0x10005e10                netif_set_up
 .text.netif_set_link_up
                0x10005e60       0x54 CMakeFiles/my_project.dir/home/jazhdo/pico/pico-sdk/lib/lwip/src/core/netif.c.o
                0x10005e60                netif_set_link_up
 .text.netif_set_link_down
                0x10005eb4       0x20 CMakeFiles/my_project.dir/home/jazhdo/pico/pico-sdk/lib/lwip/src/core/netif.c.o
                0x10005eb4                netif_set_link_down
 .text.netif_get_by_index
                0x10005ed4       0x2c CMakeFiles/my_project.dir/home/jazhdo/pico/pico-sdk/lib/lwip/src/core/netif.c.o
                0x10005ed4                netif_get_by_index
 .text.pbuf_free.part.0
                0x10005f00       0xa4 CMakeFiles/my_project.dir/home/jazhdo/pico/pico-sdk/lib/lwip/src/core/pbuf.c.o
 .text.pbuf_free_ooseq
                0x10005fa4       0x34 CMakeFiles/my_project.dir/home/jazhdo/pico/pico-sdk/lib/lwip/src/core/pbuf.c.o
                0x10005fa4                pbuf_free_ooseq
 .text.pbuf_alloc
                0x10005fd8      0x13c CMakeFiles/my_project.dir/home/jazhdo/pico/pico-sdk/lib/lwip/src/core/pbuf.c.o
                0x10005fd8                pbuf_alloc
 .text.pbuf_alloced_custom
                0x10006114       0x38 CMakeFiles/my_project.dir/home/jazhdo/pico/pico-sdk/lib/lwip/src/core/pbuf.c.o
                0x10006114                pbuf_alloced_custom
 .text.pbuf_realloc
                0x1000614c       0x8c CMakeFiles/my_project.dir/home/jazhdo/pico/pico-sdk/lib/lwip/src/core/pbuf.c.o
                0x1000614c                pbuf_realloc
 .text.pbuf_add_header
                0x100061d8       0x50 CMakeFiles/my_project.dir/home/jazhdo/pico/pico-sdk/lib/lwip/src/core/pbuf.c.o
                0x100061d8                pbuf_add_header
 .text.pbuf_remove_header
                0x10006228       0x3c CMakeFiles/my_project.dir/home/jazhdo/pico/pico-sdk/lib/lwip/src/core/pbuf.c.o
                0x10006228                pbuf_remove_header
 .text.pbuf_header_force
                0x10006264       0x6c CMakeFiles/my_project.dir/home/jazhdo/pico/pico-sdk/lib/lwip/src/core/pbuf.c.o
                0x10006264                pbuf_header_force
 .text.pbuf_free
                0x100062d0       0x18 CMakeFiles/my_project.dir/home/jazhdo/pico/pico-sdk/lib/lwip/src/core/pbuf.c.o
                0x100062d0                pbuf_free
 .text.pbuf_clen
                0x100062e8       0x14 CMakeFiles/my_project.dir/home/jazhdo/pico/pico-sdk/lib/lwip/src/core/pbuf.c.o
                0x100062e8                pbuf_clen
 .text.pbuf_ref
                0x100062fc       0x28 CMakeFiles/my_project.dir/home/jazhdo/pico/pico-sdk/lib/lwip/src/core/pbuf.c.o
                0x100062fc                pbuf_ref
 .text.pbuf_cat
                0x10006324       0x54 CMakeFiles/my_project.dir/home/jazhdo/pico/pico-sdk/lib/lwip/src/core/pbuf.c.o
                0x10006324                pbuf_cat
 .text.pbuf_chain
                0x10006378       0x70 CMakeFiles/my_project.dir/home/jazhdo/pico/pico-sdk/lib/lwip/src/core/pbuf.c.o
                0x10006378                pbuf_chain
 .text.pbuf_copy_partial_pbuf
                0x100063e8      0x130 CMakeFiles/my_project.dir/home/jazhdo/pico/pico-sdk/lib/lwip/src/core/pbuf.c.o
                0x100063e8                pbuf_copy_partial_pbuf
 .text.pbuf_copy
                0x10006518       0x18 CMakeFiles/my_project.dir/home/jazhdo/pico/pico-sdk/lib/lwip/src/core/pbuf.c.o
                0x10006518                pbuf_copy
 .text.pbuf_copy_partial
                0x10006530       0x68 CMakeFiles/my_project.dir/home/jazhdo/pico/pico-sdk/lib/lwip/src/core/pbuf.c.o
                0x10006530                pbuf_copy_partial
 .text.pbuf_take
                0x10006598       0x78 CMakeFiles/my_project.dir/home/jazhdo/pico/pico-sdk/lib/lwip/src/core/pbuf.c.o
                0x10006598                pbuf_take
 .text.pbuf_take_at
                0x10006610       0xcc CMakeFiles/my_project.dir/home/jazhdo/pico/pico-sdk/lib/lwip/src/core/pbuf.c.o
                0x10006610                pbuf_take_at
 .text.pbuf_clone
                0x100066dc       0x30 CMakeFiles/my_project.dir/home/jazhdo/pico/pico-sdk/lib/lwip/src/core/pbuf.c.o
                0x100066dc                pbuf_clone
 .text.pbuf_put_at
                0x1000670c       0x1c CMakeFiles/my_project.dir/home/jazhdo/pico/pico-sdk/lib/lwip/src/core/pbuf.c.o
                0x1000670c                pbuf_put_at
 .text.stats_init
                0x10006728        0x4 CMakeFiles/my_project.dir/home/jazhdo/pico/pico-sdk/lib/lwip/src/core/stats.c.o
                0x10006728                stats_init
 .text.tcp_close_shutdown_fin
                0x1000672c       0x58 CMakeFiles/my_project.dir/home/jazhdo/pico/pico-sdk/lib/lwip/src/core/tcp.c.o
 .text.tcp_pcb_purge.part.0
                0x10006784       0xc4 CMakeFiles/my_project.dir/home/jazhdo/pico/pico-sdk/lib/lwip/src/core/tcp.c.o
 .text.tcp_init
                0x10006848       0x20 CMakeFiles/my_project.dir/home/jazhdo/pico/pico-sdk/lib/lwip/src/core/tcp.c.o
                0x10006848                tcp_init
 .text.tcp_free
                0x10006868       0x1c CMakeFiles/my_project.dir/home/jazhdo/pico/pico-sdk/lib/lwip/src/core/tcp.c.o
                0x10006868                tcp_free
 .text.tcp_bind
                0x10006884       0xf4 CMakeFiles/my_project.dir/home/jazhdo/pico/pico-sdk/lib/lwip/src/core/tcp.c.o
                0x10006884                tcp_bind
 .text.tcp_listen_with_backlog
                0x10006978       0x98 CMakeFiles/my_project.dir/home/jazhdo/pico/pico-sdk/lib/lwip/src/core/tcp.c.o
                0x10006978                tcp_listen_with_backlog
 .text.tcp_update_rcv_ann_wnd
                0x10006a10       0x58 CMakeFiles/my_project.dir/home/jazhdo/pico/pico-sdk/lib/lwip/src/core/tcp.c.o
                0x10006a10                tcp_update_rcv_ann_wnd
 .text.tcp_recved
                0x10006a68       0x98 CMakeFiles/my_project.dir/home/jazhdo/pico/pico-sdk/lib/lwip/src/core/tcp.c.o
                0x10006a68                tcp_recved
 .text.tcp_slowtmr
                0x10006b00      0x534 CMakeFiles/my_project.dir/home/jazhdo/pico/pico-sdk/lib/lwip/src/core/tcp.c.o
                0x10006b00                tcp_slowtmr
 .text.tcp_segs_free
                0x10007034       0x38 CMakeFiles/my_project.dir/home/jazhdo/pico/pico-sdk/lib/lwip/src/core/tcp.c.o
                0x10007034                tcp_segs_free
 .text.tcp_seg_free
                0x1000706c       0x1c CMakeFiles/my_project.dir/home/jazhdo/pico/pico-sdk/lib/lwip/src/core/tcp.c.o
                0x1000706c                tcp_seg_free
 .text.tcp_seg_copy
                0x10007088       0x2c CMakeFiles/my_project.dir/home/jazhdo/pico/pico-sdk/lib/lwip/src/core/tcp.c.o
                0x10007088                tcp_seg_copy
 .text.tcp_recv
                0x100070b4       0x1c CMakeFiles/my_project.dir/home/jazhdo/pico/pico-sdk/lib/lwip/src/core/tcp.c.o
                0x100070b4                tcp_recv
 .text.tcp_accept
                0x100070d0       0x10 CMakeFiles/my_project.dir/home/jazhdo/pico/pico-sdk/lib/lwip/src/core/tcp.c.o
                0x100070d0                tcp_accept
 .text.tcp_pcb_purge
                0x100070e0       0x18 CMakeFiles/my_project.dir/home/jazhdo/pico/pico-sdk/lib/lwip/src/core/tcp.c.o
                0x100070e0                tcp_pcb_purge
 .text.tcp_pcb_remove
                0x100070f8       0xc8 CMakeFiles/my_project.dir/home/jazhdo/pico/pico-sdk/lib/lwip/src/core/tcp.c.o
                0x100070f8                tcp_pcb_remove
 .text.tcp_abandon
                0x100071c0      0x1a4 CMakeFiles/my_project.dir/home/jazhdo/pico/pico-sdk/lib/lwip/src/core/tcp.c.o
                0x100071c0                tcp_abandon
 .text.tcp_abort
                0x10007364        0xc CMakeFiles/my_project.dir/home/jazhdo/pico/pico-sdk/lib/lwip/src/core/tcp.c.o
                0x10007364                tcp_abort
 .text.tcp_accept_null
                0x10007370       0x20 CMakeFiles/my_project.dir/home/jazhdo/pico/pico-sdk/lib/lwip/src/core/tcp.c.o
 .text.tcp_alloc
                0x10007390      0x210 CMakeFiles/my_project.dir/home/jazhdo/pico/pico-sdk/lib/lwip/src/core/tcp.c.o
                0x10007390                tcp_alloc
 .text.tcp_new  0x100075a0        0xc CMakeFiles/my_project.dir/home/jazhdo/pico/pico-sdk/lib/lwip/src/core/tcp.c.o
                0x100075a0                tcp_new
 .text.tcp_close_shutdown
                0x100075ac      0x18c CMakeFiles/my_project.dir/home/jazhdo/pico/pico-sdk/lib/lwip/src/core/tcp.c.o
 .text.tcp_recv_null
                0x10007738       0xcc CMakeFiles/my_project.dir/home/jazhdo/pico/pico-sdk/lib/lwip/src/core/tcp.c.o
                0x10007738                tcp_recv_null
 .text.tcp_process_refused_data
                0x10007804       0x78 CMakeFiles/my_project.dir/home/jazhdo/pico/pico-sdk/lib/lwip/src/core/tcp.c.o
                0x10007804                tcp_process_refused_data
 .text.tcp_fasttmr
                0x1000787c       0x98 CMakeFiles/my_project.dir/home/jazhdo/pico/pico-sdk/lib/lwip/src/core/tcp.c.o
                0x1000787c                tcp_fasttmr
 .text.tcp_tmr  0x10007914       0x20 CMakeFiles/my_project.dir/home/jazhdo/pico/pico-sdk/lib/lwip/src/core/tcp.c.o
                0x10007914                tcp_tmr
 .text.tcp_close
                0x10007934      0x170 CMakeFiles/my_project.dir/home/jazhdo/pico/pico-sdk/lib/lwip/src/core/tcp.c.o
                0x10007934                tcp_close
 .text.tcp_next_iss
                0x10007aa4       0x28 CMakeFiles/my_project.dir/home/jazhdo/pico/pico-sdk/lib/lwip/src/core/tcp.c.o
                0x10007aa4                tcp_next_iss
 .text.tcp_eff_send_mss_netif
                0x10007acc       0x34 CMakeFiles/my_project.dir/home/jazhdo/pico/pico-sdk/lib/lwip/src/core/tcp.c.o
                0x10007acc                tcp_eff_send_mss_netif
 .text.tcp_netif_ip_addr_changed
                0x10007b00       0x9c CMakeFiles/my_project.dir/home/jazhdo/pico/pico-sdk/lib/lwip/src/core/tcp.c.o
                0x10007b00                tcp_netif_ip_addr_changed
 .text.tcp_free_ooseq
                0x10007b9c       0x40 CMakeFiles/my_project.dir/home/jazhdo/pico/pico-sdk/lib/lwip/src/core/tcp.c.o
                0x10007b9c                tcp_free_ooseq
 .text.tcp_parseopt
                0x10007bdc      0x1c4 CMakeFiles/my_project.dir/home/jazhdo/pico/pico-sdk/lib/lwip/src/core/tcp_in.c.o
 .text.tcp_oos_insert_segment
                0x10007da0       0xdc CMakeFiles/my_project.dir/home/jazhdo/pico/pico-sdk/lib/lwip/src/core/tcp_in.c.o
 .text.tcp_free_acked_segments.constprop.0
                0x10007e7c       0xdc CMakeFiles/my_project.dir/home/jazhdo/pico/pico-sdk/lib/lwip/src/core/tcp_in.c.o
 .text.tcp_receive
                0x10007f58      0xa18 CMakeFiles/my_project.dir/home/jazhdo/pico/pico-sdk/lib/lwip/src/core/tcp_in.c.o
 .text.tcp_input
                0x10008970      0xe8c CMakeFiles/my_project.dir/home/jazhdo/pico/pico-sdk/lib/lwip/src/core/tcp_in.c.o
                0x10008970                tcp_input
 .text.tcp_trigger_input_pcb_close
                0x100097fc       0x10 CMakeFiles/my_project.dir/home/jazhdo/pico/pico-sdk/lib/lwip/src/core/tcp_in.c.o
                0x100097fc                tcp_trigger_input_pcb_close
 .text.tcp_create_segment
                0x1000980c       0xf8 CMakeFiles/my_project.dir/home/jazhdo/pico/pico-sdk/lib/lwip/src/core/tcp_out.c.o
 .text.tcp_output_control_segment
                0x10009904       0xc0 CMakeFiles/my_project.dir/home/jazhdo/pico/pico-sdk/lib/lwip/src/core/tcp_out.c.o
 .text.tcp_output_alloc_header.constprop.0
                0x100099c4       0xc8 CMakeFiles/my_project.dir/home/jazhdo/pico/pico-sdk/lib/lwip/src/core/tcp_out.c.o
 .text.tcp_write
                0x10009a8c      0x71c CMakeFiles/my_project.dir/home/jazhdo/pico/pico-sdk/lib/lwip/src/core/tcp_out.c.o
                0x10009a8c                tcp_write
 .text.tcp_split_unsent_seg
                0x1000a1a8      0x1b4 CMakeFiles/my_project.dir/home/jazhdo/pico/pico-sdk/lib/lwip/src/core/tcp_out.c.o
                0x1000a1a8                tcp_split_unsent_seg
 .text.tcp_send_fin
                0x1000a35c      0x118 CMakeFiles/my_project.dir/home/jazhdo/pico/pico-sdk/lib/lwip/src/core/tcp_out.c.o
                0x1000a35c                tcp_send_fin
 .text.tcp_enqueue_flags
                0x1000a474      0x108 CMakeFiles/my_project.dir/home/jazhdo/pico/pico-sdk/lib/lwip/src/core/tcp_out.c.o
                0x1000a474                tcp_enqueue_flags
 .text.tcp_rexmit_rto_prepare
                0x1000a57c       0x9c CMakeFiles/my_project.dir/home/jazhdo/pico/pico-sdk/lib/lwip/src/core/tcp_out.c.o
                0x1000a57c                tcp_rexmit_rto_prepare
 .text.tcp_rexmit
                0x1000a618       0x9c CMakeFiles/my_project.dir/home/jazhdo/pico/pico-sdk/lib/lwip/src/core/tcp_out.c.o
                0x1000a618                tcp_rexmit
 .text.tcp_rexmit_fast
                0x1000a6b4       0x64 CMakeFiles/my_project.dir/home/jazhdo/pico/pico-sdk/lib/lwip/src/core/tcp_out.c.o
                0x1000a6b4                tcp_rexmit_fast
 .text.tcp_rst  0x1000a718       0xe8 CMakeFiles/my_project.dir/home/jazhdo/pico/pico-sdk/lib/lwip/src/core/tcp_out.c.o
                0x1000a718                tcp_rst
 .text.tcp_rst_netif
                0x1000a800      0x130 CMakeFiles/my_project.dir/home/jazhdo/pico/pico-sdk/lib/lwip/src/core/tcp_out.c.o
                0x1000a800                tcp_rst_netif
 .text.tcp_send_empty_ack
                0x1000a930       0x4c CMakeFiles/my_project.dir/home/jazhdo/pico/pico-sdk/lib/lwip/src/core/tcp_out.c.o
                0x1000a930                tcp_send_empty_ack
 .text.tcp_output
                0x1000a97c      0x458 CMakeFiles/my_project.dir/home/jazhdo/pico/pico-sdk/lib/lwip/src/core/tcp_out.c.o
                0x1000a97c                tcp_output
 .text.tcp_rexmit_rto_commit
                0x1000add4       0x24 CMakeFiles/my_project.dir/home/jazhdo/pico/pico-sdk/lib/lwip/src/core/tcp_out.c.o
                0x1000add4                tcp_rexmit_rto_commit
 .text.tcp_rexmit_rto
                0x1000adf8       0xa4 CMakeFiles/my_project.dir/home/jazhdo/pico/pico-sdk/lib/lwip/src/core/tcp_out.c.o
                0x1000adf8                tcp_rexmit_rto
 .text.tcp_keepalive
                0x1000ae9c       0xdc CMakeFiles/my_project.dir/home/jazhdo/pico/pico-sdk/lib/lwip/src/core/tcp_out.c.o
                0x1000ae9c                tcp_keepalive
 .text.tcp_zero_window_probe
                0x1000af78      0x110 CMakeFiles/my_project.dir/home/jazhdo/pico/pico-sdk/lib/lwip/src/core/tcp_out.c.o
                0x1000af78                tcp_zero_window_probe
 .text.tcpip_tcp_timer
                0x1000b088       0x78 CMakeFiles/my_project.dir/home/jazhdo/pico/pico-sdk/lib/lwip/src/core/timeouts.c.o
 .text.lwip_cyclic_timer
                0x1000b100       0x98 CMakeFiles/my_project.dir/home/jazhdo/pico/pico-sdk/lib/lwip/src/core/timeouts.c.o
 .text.tcp_timer_needed
                0x1000b198       0x7c CMakeFiles/my_project.dir/home/jazhdo/pico/pico-sdk/lib/lwip/src/core/timeouts.c.o
                0x1000b198                tcp_timer_needed
 .text.sys_timeouts_init
                0x1000b214       0x8c CMakeFiles/my_project.dir/home/jazhdo/pico/pico-sdk/lib/lwip/src/core/timeouts.c.o
                0x1000b214                sys_timeouts_init
 .text.sys_check_timeouts
                0x1000b2a0       0x68 CMakeFiles/my_project.dir/home/jazhdo/pico/pico-sdk/lib/lwip/src/core/timeouts.c.o
                0x1000b2a0                sys_check_timeouts
 .text.sys_timeouts_sleeptime
                0x1000b308       0x28 CMakeFiles/my_project.dir/home/jazhdo/pico/pico-sdk/lib/lwip/src/core/timeouts.c.o
                0x1000b308                sys_timeouts_sleeptime
 .text.udp_init
                0x1000b330       0x20 CMakeFiles/my_project.dir/home/jazhdo/pico/pico-sdk/lib/lwip/src/core/udp.c.o
                0x1000b330                udp_init
 .text.udp_input
                0x1000b350      0x270 CMakeFiles/my_project.dir/home/jazhdo/pico/pico-sdk/lib/lwip/src/core/udp.c.o
                0x1000b350                udp_input
 .text.udp_bind
                0x1000b5c0      0x108 CMakeFiles/my_project.dir/home/jazhdo/pico/pico-sdk/lib/lwip/src/core/udp.c.o
                0x1000b5c0                udp_bind
 .text.udp_sendto_if_src
                0x1000b6c8      0x160 CMakeFiles/my_project.dir/home/jazhdo/pico/pico-sdk/lib/lwip/src/core/udp.c.o
                0x1000b6c8                udp_sendto_if_src
 .text.udp_sendto
                0x1000b828       0xac CMakeFiles/my_project.dir/home/jazhdo/pico/pico-sdk/lib/lwip/src/core/udp.c.o
                0x1000b828                udp_sendto
 .text.udp_remove
                0x1000b8d4       0x3c CMakeFiles/my_project.dir/home/jazhdo/pico/pico-sdk/lib/lwip/src/core/udp.c.o
                0x1000b8d4                udp_remove
 .text.udp_netif_ip_addr_changed
                0x1000b910       0x40 CMakeFiles/my_project.dir/home/jazhdo/pico/pico-sdk/lib/lwip/src/core/udp.c.o
                0x1000b910                udp_netif_ip_addr_changed
 .text.etharp_find_entry
                0x1000b950      0x3f4 CMakeFiles/my_project.dir/home/jazhdo/pico/pico-sdk/lib/lwip/src/core/ipv4/etharp.c.o
 .text.etharp_raw
                0x1000bd44       0xec CMakeFiles/my_project.dir/home/jazhdo/pico/pico-sdk/lib/lwip/src/core/ipv4/etharp.c.o
 .text.etharp_output_to_arp_index
                0x1000be30       0xe4 CMakeFiles/my_project.dir/home/jazhdo/pico/pico-sdk/lib/lwip/src/core/ipv4/etharp.c.o
 .text.etharp_tmr
                0x1000bf14       0x94 CMakeFiles/my_project.dir/home/jazhdo/pico/pico-sdk/lib/lwip/src/core/ipv4/etharp.c.o
                0x1000bf14                etharp_tmr
 .text.etharp_cleanup_netif
                0x1000bfa8      0x188 CMakeFiles/my_project.dir/home/jazhdo/pico/pico-sdk/lib/lwip/src/core/ipv4/etharp.c.o
                0x1000bfa8                etharp_cleanup_netif
 .text.etharp_input
                0x1000c130      0x1b8 CMakeFiles/my_project.dir/home/jazhdo/pico/pico-sdk/lib/lwip/src/core/ipv4/etharp.c.o
                0x1000c130                etharp_input
 .text.etharp_query
                0x1000c2e8      0x1b8 CMakeFiles/my_project.dir/home/jazhdo/pico/pico-sdk/lib/lwip/src/core/ipv4/etharp.c.o
                0x1000c2e8                etharp_query
 .text.etharp_output
                0x1000c4a0      0x24c CMakeFiles/my_project.dir/home/jazhdo/pico/pico-sdk/lib/lwip/src/core/ipv4/etharp.c.o
                0x1000c4a0                etharp_output
 .text.etharp_request
                0x1000c6ec       0x2c CMakeFiles/my_project.dir/home/jazhdo/pico/pico-sdk/lib/lwip/src/core/ipv4/etharp.c.o
                0x1000c6ec                etharp_request
 .text.icmp_input
                0x1000c718      0x1f0 CMakeFiles/my_project.dir/home/jazhdo/pico/pico-sdk/lib/lwip/src/core/ipv4/icmp.c.o
                0x1000c718                icmp_input
 .text.icmp_dest_unreach
                0x1000c908       0xcc CMakeFiles/my_project.dir/home/jazhdo/pico/pico-sdk/lib/lwip/src/core/ipv4/icmp.c.o
                0x1000c908                icmp_dest_unreach
 .text.icmp_time_exceeded
                0x1000c9d4       0xcc CMakeFiles/my_project.dir/home/jazhdo/pico/pico-sdk/lib/lwip/src/core/ipv4/icmp.c.o
                0x1000c9d4                icmp_time_exceeded
 .text.igmp_send
                0x1000caa0       0xe0 CMakeFiles/my_project.dir/home/jazhdo/pico/pico-sdk/lib/lwip/src/core/ipv4/igmp.c.o
 .text.igmp_init
                0x1000cb80       0x20 CMakeFiles/my_project.dir/home/jazhdo/pico/pico-sdk/lib/lwip/src/core/ipv4/igmp.c.o
                0x1000cb80                igmp_init
 .text.igmp_start
                0x1000cba0       0x80 CMakeFiles/my_project.dir/home/jazhdo/pico/pico-sdk/lib/lwip/src/core/ipv4/igmp.c.o
                0x1000cba0                igmp_start
 .text.igmp_stop
                0x1000cc20       0x44 CMakeFiles/my_project.dir/home/jazhdo/pico/pico-sdk/lib/lwip/src/core/ipv4/igmp.c.o
                0x1000cc20                igmp_stop
 .text.igmp_report_groups
                0x1000cc64       0x48 CMakeFiles/my_project.dir/home/jazhdo/pico/pico-sdk/lib/lwip/src/core/ipv4/igmp.c.o
                0x1000cc64                igmp_report_groups
 .text.igmp_lookfor_group
                0x1000ccac       0x18 CMakeFiles/my_project.dir/home/jazhdo/pico/pico-sdk/lib/lwip/src/core/ipv4/igmp.c.o
                0x1000ccac                igmp_lookfor_group
 .text.igmp_input
                0x1000ccc4      0x1c0 CMakeFiles/my_project.dir/home/jazhdo/pico/pico-sdk/lib/lwip/src/core/ipv4/igmp.c.o
                0x1000ccc4                igmp_input
 .text.igmp_tmr
                0x1000ce84       0x78 CMakeFiles/my_project.dir/home/jazhdo/pico/pico-sdk/lib/lwip/src/core/ipv4/igmp.c.o
                0x1000ce84                igmp_tmr
 .text.ipfrag_free_pbuf_custom
                0x1000cefc       0x24 CMakeFiles/my_project.dir/home/jazhdo/pico/pico-sdk/lib/lwip/src/core/ipv4/ip4_frag.c.o
 .text.ip_reass_free_complete_datagram
                0x1000cf20      0x11c CMakeFiles/my_project.dir/home/jazhdo/pico/pico-sdk/lib/lwip/src/core/ipv4/ip4_frag.c.o
 .text.ip_reass_remove_oldest_datagram
                0x1000d03c       0xd8 CMakeFiles/my_project.dir/home/jazhdo/pico/pico-sdk/lib/lwip/src/core/ipv4/ip4_frag.c.o
 .text.ip_reass_tmr
                0x1000d114       0x38 CMakeFiles/my_project.dir/home/jazhdo/pico/pico-sdk/lib/lwip/src/core/ipv4/ip4_frag.c.o
                0x1000d114                ip_reass_tmr
 .text.ip4_reass
                0x1000d14c      0x53c CMakeFiles/my_project.dir/home/jazhdo/pico/pico-sdk/lib/lwip/src/core/ipv4/ip4_frag.c.o
                0x1000d14c                ip4_reass
 .text.ip4_frag
                0x1000d688      0x200 CMakeFiles/my_project.dir/home/jazhdo/pico/pico-sdk/lib/lwip/src/core/ipv4/ip4_frag.c.o
                0x1000d688                ip4_frag
 .text.ip4_route
                0x1000d888       0x90 CMakeFiles/my_project.dir/home/jazhdo/pico/pico-sdk/lib/lwip/src/core/ipv4/ip4.c.o
                0x1000d888                ip4_route
 .text.ip4_input
                0x1000d918      0x2e0 CMakeFiles/my_project.dir/home/jazhdo/pico/pico-sdk/lib/lwip/src/core/ipv4/ip4.c.o
                0x1000d918                ip4_input
 .text.ip4_output_if
                0x1000dbf8      0x18c CMakeFiles/my_project.dir/home/jazhdo/pico/pico-sdk/lib/lwip/src/core/ipv4/ip4.c.o
                0x1000dbf8                ip4_output_if
 .text.ip4_output_if_opt
                0x1000dd84      0x220 CMakeFiles/my_project.dir/home/jazhdo/pico/pico-sdk/lib/lwip/src/core/ipv4/ip4.c.o
                0x1000dd84                ip4_output_if_opt
 .text.ip4_output_if_src
                0x1000dfa4      0x180 CMakeFiles/my_project.dir/home/jazhdo/pico/pico-sdk/lib/lwip/src/core/ipv4/ip4.c.o
                0x1000dfa4                ip4_output_if_src
 .text.ip4_addr_isbroadcast_u32
                0x1000e124       0x3c CMakeFiles/my_project.dir/home/jazhdo/pico/pico-sdk/lib/lwip/src/core/ipv4/ip4_addr.c.o
                0x1000e124                ip4_addr_isbroadcast_u32
 .text.ip4addr_ntoa_r
                0x1000e160       0xe4 CMakeFiles/my_project.dir/home/jazhdo/pico/pico-sdk/lib/lwip/src/core/ipv4/ip4_addr.c.o
                0x1000e160                ip4addr_ntoa_r
 .text.ethernet_input
                0x1000e244       0xd0 CMakeFiles/my_project.dir/home/jazhdo/pico/pico-sdk/lib/lwip/src/netif/ethernet.c.o
                0x1000e244                ethernet_input
 .text.ethernet_output
                0x1000e314       0x78 CMakeFiles/my_project.dir/home/jazhdo/pico/pico-sdk/lib/lwip/src/netif/ethernet.c.o
                0x1000e314                ethernet_output
 .text.cyw43_arch_wifi_connect_bssid_until.part.0
                0x1000e38c       0xd8 CMakeFiles/my_project.dir/home/jazhdo/pico/pico-sdk/src/rp2_common/pico_cyw43_arch/cyw43_arch.c.o
 .text.cyw43_arch_set_async_context
                0x1000e464        0xc CMakeFiles/my_project.dir/home/jazhdo/pico/pico-sdk/src/rp2_common/pico_cyw43_arch/cyw43_arch.c.o
                0x1000e464                cyw43_arch_set_async_context
 .text.cyw43_arch_enable_sta_mode
                0x1000e470       0x1c CMakeFiles/my_project.dir/home/jazhdo/pico/pico-sdk/src/rp2_common/pico_cyw43_arch/cyw43_arch.c.o
                0x1000e470                cyw43_arch_enable_sta_mode
 .text.cyw43_arch_disable_sta_mode
                0x1000e48c       0x44 CMakeFiles/my_project.dir/home/jazhdo/pico/pico-sdk/src/rp2_common/pico_cyw43_arch/cyw43_arch.c.o
                0x1000e48c                cyw43_arch_disable_sta_mode
 .text.cyw43_arch_wifi_connect_timeout_ms
                0x1000e4d0       0xa0 CMakeFiles/my_project.dir/home/jazhdo/pico/pico-sdk/src/rp2_common/pico_cyw43_arch/cyw43_arch.c.o
                0x1000e4d0                cyw43_arch_wifi_connect_timeout_ms
 .text.cyw43_arch_gpio_put
                0x1000e570       0x14 CMakeFiles/my_project.dir/home/jazhdo/pico/pico-sdk/src/rp2_common/pico_cyw43_arch/cyw43_arch.c.o
                0x1000e570                cyw43_arch_gpio_put
 .text.cyw43_arch_async_context
                0x1000e584        0xc CMakeFiles/my_project.dir/home/jazhdo/pico/pico-sdk/src/rp2_common/pico_cyw43_arch/cyw43_arch.c.o
                0x1000e584                cyw43_arch_async_context
 .text.cyw43_arch_poll
                0x1000e590       0x18 CMakeFiles/my_project.dir/home/jazhdo/pico/pico-sdk/src/rp2_common/pico_cyw43_arch/cyw43_arch.c.o
                0x1000e590                cyw43_arch_poll
 .text.cyw43_arch_init
                0x1000e5a8       0x74 CMakeFiles/my_project.dir/home/jazhdo/pico/pico-sdk/src/rp2_common/pico_cyw43_arch/cyw43_arch_threadsafe_background.c.o
                0x1000e5a8                cyw43_arch_init
 .text.ns_delay.constprop.0
                0x1000e61c       0x20 CMakeFiles/my_project.dir/home/jazhdo/pico/pico-sdk/src/rp2_common/pico_cyw43_driver/cyw43_bus_pio_spi.c.o
 .text.cyw43_spi_deinit
                0x1000e63c       0x6c CMakeFiles/my_project.dir/home/jazhdo/pico/pico-sdk/src/rp2_common/pico_cyw43_driver/cyw43_bus_pio_spi.c.o
                0x1000e63c                cyw43_spi_deinit
 .text.cyw43_spi_init
                0x1000e6a8      0x128 CMakeFiles/my_project.dir/home/jazhdo/pico/pico-sdk/src/rp2_common/pico_cyw43_driver/cyw43_bus_pio_spi.c.o
                0x1000e6a8                cyw43_spi_init
 .text.cyw43_spi_transfer
                0x1000e7d0      0x420 CMakeFiles/my_project.dir/home/jazhdo/pico/pico-sdk/src/rp2_common/pico_cyw43_driver/cyw43_bus_pio_spi.c.o
                0x1000e7d0                cyw43_spi_transfer
 .text.cyw43_spi_gpio_setup
                0x1000ebf0       0x3c CMakeFiles/my_project.dir/home/jazhdo/pico/pico-sdk/src/rp2_common/pico_cyw43_driver/cyw43_bus_pio_spi.c.o
                0x1000ebf0                cyw43_spi_gpio_setup
 .text.cyw43_spi_reset
                0x1000ec2c       0x28 CMakeFiles/my_project.dir/home/jazhdo/pico/pico-sdk/src/rp2_common/pico_cyw43_driver/cyw43_bus_pio_spi.c.o
                0x1000ec2c                cyw43_spi_reset
 .text.read_reg_u32_swap
                0x1000ec54       0x3c CMakeFiles/my_project.dir/home/jazhdo/pico/pico-sdk/src/rp2_common/pico_cyw43_driver/cyw43_bus_pio_spi.c.o
                0x1000ec54                read_reg_u32_swap
 .text.cyw43_read_reg_u32
                0x1000ec90       0x54 CMakeFiles/my_project.dir/home/jazhdo/pico/pico-sdk/src/rp2_common/pico_cyw43_driver/cyw43_bus_pio_spi.c.o
                0x1000ec90                cyw43_read_reg_u32
 .text.cyw43_read_reg_u16
                0x1000ece4       0x54 CMakeFiles/my_project.dir/home/jazhdo/pico/pico-sdk/src/rp2_common/pico_cyw43_driver/cyw43_bus_pio_spi.c.o
                0x1000ece4                cyw43_read_reg_u16
 .text.cyw43_read_reg_u8
                0x1000ed38       0x54 CMakeFiles/my_project.dir/home/jazhdo/pico/pico-sdk/src/rp2_common/pico_cyw43_driver/cyw43_bus_pio_spi.c.o
                0x1000ed38                cyw43_read_reg_u8
 .text.write_reg_u32_swap
                0x1000ed8c      0x214 CMakeFiles/my_project.dir/home/jazhdo/pico/pico-sdk/src/rp2_common/pico_cyw43_driver/cyw43_bus_pio_spi.c.o
                0x1000ed8c                write_reg_u32_swap
 .text.cyw43_write_reg_u32
                0x1000efa0      0x214 CMakeFiles/my_project.dir/home/jazhdo/pico/pico-sdk/src/rp2_common/pico_cyw43_driver/cyw43_bus_pio_spi.c.o
                0x1000efa0                cyw43_write_reg_u32
 .text.cyw43_write_reg_u16
                0x1000f1b4      0x214 CMakeFiles/my_project.dir/home/jazhdo/pico/pico-sdk/src/rp2_common/pico_cyw43_driver/cyw43_bus_pio_spi.c.o
                0x1000f1b4                cyw43_write_reg_u16
 .text.cyw43_write_reg_u8
                0x1000f3c8      0x214 CMakeFiles/my_project.dir/home/jazhdo/pico/pico-sdk/src/rp2_common/pico_cyw43_driver/cyw43_bus_pio_spi.c.o
                0x1000f3c8                cyw43_write_reg_u8
 .text.cyw43_read_bytes
                0x1000f5dc       0x78 CMakeFiles/my_project.dir/home/jazhdo/pico/pico-sdk/src/rp2_common/pico_cyw43_driver/cyw43_bus_pio_spi.c.o
                0x1000f5dc                cyw43_read_bytes
 .text.cyw43_write_bytes
                0x1000f654       0xdc CMakeFiles/my_project.dir/home/jazhdo/pico/pico-sdk/src/rp2_common/pico_cyw43_driver/cyw43_bus_pio_spi.c.o
                0x1000f654                cyw43_write_bytes
 .text.cyw43_set_backplane_window
                0x1000f730       0x68 CMakeFiles/my_project.dir/home/jazhdo/pico/pico-sdk/lib/cyw43-driver/src/cyw43_ll.c.o
 .text.cyw43_ll_parse_async_event
                0x1000f798      0x134 CMakeFiles/my_project.dir/home/jazhdo/pico/pico-sdk/lib/cyw43-driver/src/cyw43_ll.c.o
 .text.cyw43_kso_set
                0x1000f8cc       0x80 CMakeFiles/my_project.dir/home/jazhdo/pico/pico-sdk/lib/cyw43-driver/src/cyw43_ll.c.o
 .text.cyw43_ll_sdpcm_poll_device
                0x1000f94c      0x234 CMakeFiles/my_project.dir/home/jazhdo/pico/pico-sdk/lib/cyw43-driver/src/cyw43_ll.c.o
 .text.cyw43_sdpcm_send_common
                0x1000fb80       0xfc CMakeFiles/my_project.dir/home/jazhdo/pico/pico-sdk/lib/cyw43-driver/src/cyw43_ll.c.o
 .text.cyw43_do_ioctl.part.0
                0x1000fc7c       0xc4 CMakeFiles/my_project.dir/home/jazhdo/pico/pico-sdk/lib/cyw43-driver/src/cyw43_ll.c.o
 .text.cyw43_download_resource
                0x1000fd40       0xd0 CMakeFiles/my_project.dir/home/jazhdo/pico/pico-sdk/lib/cyw43-driver/src/cyw43_ll.c.o
 .text.cyw43_write_iovar_u32.constprop.0
                0x1000fe10       0xa0 CMakeFiles/my_project.dir/home/jazhdo/pico/pico-sdk/lib/cyw43-driver/src/cyw43_ll.c.o
 .text.cyw43_write_iovar_n
                0x1000feb0       0x98 CMakeFiles/my_project.dir/home/jazhdo/pico/pico-sdk/lib/cyw43-driver/src/cyw43_ll.c.o
 .text.cyw43_write_iovar_u32_u32.constprop.0
                0x1000ff48       0xb8 CMakeFiles/my_project.dir/home/jazhdo/pico/pico-sdk/lib/cyw43-driver/src/cyw43_ll.c.o
 .text.cyw43_read_backplane.constprop.0
                0x10010000       0xe4 CMakeFiles/my_project.dir/home/jazhdo/pico/pico-sdk/lib/cyw43-driver/src/cyw43_ll.c.o
 .text.cyw43_write_backplane
                0x100100e4      0x10c CMakeFiles/my_project.dir/home/jazhdo/pico/pico-sdk/lib/cyw43-driver/src/cyw43_ll.c.o
 .text.reset_device_core.constprop.0
                0x100101f0      0x410 CMakeFiles/my_project.dir/home/jazhdo/pico/pico-sdk/lib/cyw43-driver/src/cyw43_ll.c.o
 .text.cyw43_ll_init
                0x10010600       0x1c CMakeFiles/my_project.dir/home/jazhdo/pico/pico-sdk/lib/cyw43-driver/src/cyw43_ll.c.o
                0x10010600                cyw43_ll_init
 .text.cyw43_ll_deinit
                0x1001061c        0x8 CMakeFiles/my_project.dir/home/jazhdo/pico/pico-sdk/lib/cyw43-driver/src/cyw43_ll.c.o
                0x1001061c                cyw43_ll_deinit
 .text.cyw43_ll_send_ethernet
                0x10010624       0x60 CMakeFiles/my_project.dir/home/jazhdo/pico/pico-sdk/lib/cyw43-driver/src/cyw43_ll.c.o
                0x10010624                cyw43_ll_send_ethernet
 .text.cyw43_ll_process_packets
                0x10010684       0x54 CMakeFiles/my_project.dir/home/jazhdo/pico/pico-sdk/lib/cyw43-driver/src/cyw43_ll.c.o
                0x10010684                cyw43_ll_process_packets
 .text.cyw43_ll_ioctl
                0x100106d8       0x80 CMakeFiles/my_project.dir/home/jazhdo/pico/pico-sdk/lib/cyw43-driver/src/cyw43_ll.c.o
                0x100106d8                cyw43_ll_ioctl
 .text.cyw43_ll_bus_sleep
                0x10010758       0x34 CMakeFiles/my_project.dir/home/jazhdo/pico/pico-sdk/lib/cyw43-driver/src/cyw43_ll.c.o
                0x10010758                cyw43_ll_bus_sleep
 .text.cyw43_ll_wifi_on
                0x1001078c      0x218 CMakeFiles/my_project.dir/home/jazhdo/pico/pico-sdk/lib/cyw43-driver/src/cyw43_ll.c.o
                0x1001078c                cyw43_ll_wifi_on
 .text.cyw43_ll_wifi_get_mac
                0x100109a4       0x7c CMakeFiles/my_project.dir/home/jazhdo/pico/pico-sdk/lib/cyw43-driver/src/cyw43_ll.c.o
                0x100109a4                cyw43_ll_wifi_get_mac
 .text.cyw43_ll_bus_init
                0x10010a20      0x930 CMakeFiles/my_project.dir/home/jazhdo/pico/pico-sdk/lib/cyw43-driver/src/cyw43_ll.c.o
                0x10010a20                cyw43_ll_bus_init
 .text.cyw43_ll_wifi_update_multicast_filter
                0x10011350      0x1d4 CMakeFiles/my_project.dir/home/jazhdo/pico/pico-sdk/lib/cyw43-driver/src/cyw43_ll.c.o
                0x10011350                cyw43_ll_wifi_update_multicast_filter
 .text.cyw43_ll_wifi_pm
                0x10011524      0x13c CMakeFiles/my_project.dir/home/jazhdo/pico/pico-sdk/lib/cyw43-driver/src/cyw43_ll.c.o
                0x10011524                cyw43_ll_wifi_pm
 .text.cyw43_ll_wifi_join
                0x10011660      0x514 CMakeFiles/my_project.dir/home/jazhdo/pico/pico-sdk/lib/cyw43-driver/src/cyw43_ll.c.o
                0x10011660                cyw43_ll_wifi_join
 .text.cyw43_ll_wifi_set_wpa_auth
                0x10011b74       0x58 CMakeFiles/my_project.dir/home/jazhdo/pico/pico-sdk/lib/cyw43-driver/src/cyw43_ll.c.o
                0x10011b74                cyw43_ll_wifi_set_wpa_auth
 .text.cyw43_ll_wifi_rejoin
                0x10011bcc       0x58 CMakeFiles/my_project.dir/home/jazhdo/pico/pico-sdk/lib/cyw43-driver/src/cyw43_ll.c.o
                0x10011bcc                cyw43_ll_wifi_rejoin
 .text.cyw43_ll_wifi_ap_init
                0x10011c24      0x538 CMakeFiles/my_project.dir/home/jazhdo/pico/pico-sdk/lib/cyw43-driver/src/cyw43_ll.c.o
                0x10011c24                cyw43_ll_wifi_ap_init
 .text.cyw43_ll_wifi_ap_set_up
                0x1001215c       0x7c CMakeFiles/my_project.dir/home/jazhdo/pico/pico-sdk/lib/cyw43-driver/src/cyw43_ll.c.o
                0x1001215c                cyw43_ll_wifi_ap_set_up
 .text.cyw43_ll_gpio_set
                0x100121d8       0xa4 CMakeFiles/my_project.dir/home/jazhdo/pico/pico-sdk/lib/cyw43-driver/src/cyw43_ll.c.o
                0x100121d8                cyw43_ll_gpio_set
 .text.cyw43_ll_has_work
                0x1001227c       0x14 CMakeFiles/my_project.dir/home/jazhdo/pico/pico-sdk/lib/cyw43-driver/src/cyw43_ll.c.o
                0x1001227c                cyw43_ll_has_work
 .text.cyw43_netif_init
                0x10012290       0x44 CMakeFiles/my_project.dir/home/jazhdo/pico/pico-sdk/lib/cyw43-driver/src/cyw43_lwip.c.o
 .text.cyw43_netif_update_igmp_mac_filter
                0x100122d4       0x44 CMakeFiles/my_project.dir/home/jazhdo/pico/pico-sdk/lib/cyw43-driver/src/cyw43_lwip.c.o
 .text.cyw43_netif_output
                0x10012318       0x34 CMakeFiles/my_project.dir/home/jazhdo/pico/pico-sdk/lib/cyw43-driver/src/cyw43_lwip.c.o
 .text.cyw43_cb_tcpip_init
                0x1001234c       0xcc CMakeFiles/my_project.dir/home/jazhdo/pico/pico-sdk/lib/cyw43-driver/src/cyw43_lwip.c.o
                0x1001234c                cyw43_cb_tcpip_init
 .text.cyw43_cb_tcpip_deinit
                0x10012418       0x40 CMakeFiles/my_project.dir/home/jazhdo/pico/pico-sdk/lib/cyw43-driver/src/cyw43_lwip.c.o
                0x10012418                cyw43_cb_tcpip_deinit
 .text.cyw43_cb_process_ethernet
                0x10012458       0x68 CMakeFiles/my_project.dir/home/jazhdo/pico/pico-sdk/lib/cyw43-driver/src/cyw43_lwip.c.o
                0x10012458                cyw43_cb_process_ethernet
 .text.cyw43_cb_tcpip_set_link_up
                0x100124c0       0x18 CMakeFiles/my_project.dir/home/jazhdo/pico/pico-sdk/lib/cyw43-driver/src/cyw43_lwip.c.o
                0x100124c0                cyw43_cb_tcpip_set_link_up
 .text.cyw43_cb_tcpip_set_link_down
                0x100124d8       0x18 CMakeFiles/my_project.dir/home/jazhdo/pico/pico-sdk/lib/cyw43-driver/src/cyw43_lwip.c.o
                0x100124d8                cyw43_cb_tcpip_set_link_down
 .text.cyw43_tcpip_link_status
                0x100124f0       0x34 CMakeFiles/my_project.dir/home/jazhdo/pico/pico-sdk/lib/cyw43-driver/src/cyw43_lwip.c.o
                0x100124f0                cyw43_tcpip_link_status
 .text.cyw43_poll_func
                0x10012524       0xc0 CMakeFiles/my_project.dir/home/jazhdo/pico/pico-sdk/lib/cyw43-driver/src/cyw43_ctrl.c.o
 .text.cyw43_init
                0x100125e4       0x6c CMakeFiles/my_project.dir/home/jazhdo/pico/pico-sdk/lib/cyw43-driver/src/cyw43_ctrl.c.o
                0x100125e4                cyw43_init
 .text.cyw43_deinit
                0x10012650       0x90 CMakeFiles/my_project.dir/home/jazhdo/pico/pico-sdk/lib/cyw43-driver/src/cyw43_ctrl.c.o
                0x10012650                cyw43_deinit
 .text.cyw43_cb_read_host_interrupt_pin
                0x100126e0        0xc CMakeFiles/my_project.dir/home/jazhdo/pico/pico-sdk/lib/cyw43-driver/src/cyw43_ctrl.c.o
                0x100126e0                cyw43_cb_read_host_interrupt_pin
 .text.cyw43_cb_ensure_awake
                0x100126ec        0xc CMakeFiles/my_project.dir/home/jazhdo/pico/pico-sdk/lib/cyw43-driver/src/cyw43_ctrl.c.o
                0x100126ec                cyw43_cb_ensure_awake
 .text.cyw43_cb_process_async_event
                0x100126f8      0x21c CMakeFiles/my_project.dir/home/jazhdo/pico/pico-sdk/lib/cyw43-driver/src/cyw43_ctrl.c.o
                0x100126f8                cyw43_cb_process_async_event
 .text.cyw43_send_ethernet
                0x10012914       0xc0 CMakeFiles/my_project.dir/home/jazhdo/pico/pico-sdk/lib/cyw43-driver/src/cyw43_ctrl.c.o
                0x10012914                cyw43_send_ethernet
 .text.cyw43_wifi_get_mac
                0x100129d4       0x10 CMakeFiles/my_project.dir/home/jazhdo/pico/pico-sdk/lib/cyw43-driver/src/cyw43_ctrl.c.o
                0x100129d4                cyw43_wifi_get_mac
 .text.cyw43_wifi_update_multicast_filter
                0x100129e4       0x20 CMakeFiles/my_project.dir/home/jazhdo/pico/pico-sdk/lib/cyw43-driver/src/cyw43_ctrl.c.o
                0x100129e4                cyw43_wifi_update_multicast_filter
 .text.cyw43_wifi_set_up
                0x10012a04      0x350 CMakeFiles/my_project.dir/home/jazhdo/pico/pico-sdk/lib/cyw43-driver/src/cyw43_ctrl.c.o
                0x10012a04                cyw43_wifi_set_up
 .text.cyw43_wifi_link_status
                0x10012d54       0x3c CMakeFiles/my_project.dir/home/jazhdo/pico/pico-sdk/lib/cyw43-driver/src/cyw43_ctrl.c.o
                0x10012d54                cyw43_wifi_link_status
 .text.cyw43_wifi_join
                0x10012d90       0xf4 CMakeFiles/my_project.dir/home/jazhdo/pico/pico-sdk/lib/cyw43-driver/src/cyw43_ctrl.c.o
                0x10012d90                cyw43_wifi_join
 .text.cyw43_wifi_leave
                0x10012e84       0xa4 CMakeFiles/my_project.dir/home/jazhdo/pico/pico-sdk/lib/cyw43-driver/src/cyw43_ctrl.c.o
                0x10012e84                cyw43_wifi_leave
 .text.cyw43_gpio_set
                0x10012f28       0xa0 CMakeFiles/my_project.dir/home/jazhdo/pico/pico-sdk/lib/cyw43-driver/src/cyw43_ctrl.c.o
                0x10012f28                cyw43_gpio_set
 .text.pio_sm_set_pindirs_with_mask64
                0x10012fc8       0xac CMakeFiles/my_project.dir/home/jazhdo/pico/pico-sdk/src/rp2_common/hardware_pio/pio.c.o
                0x10012fc8                pio_sm_set_pindirs_with_mask64
 .text.pio_sm_set_consecutive_pindirs
                0x10013074       0xb4 CMakeFiles/my_project.dir/home/jazhdo/pico/pico-sdk/src/rp2_common/hardware_pio/pio.c.o
                0x10013074                pio_sm_set_consecutive_pindirs
 .text.pio_claim_free_sm_and_add_program_for_gpio_range
                0x10013128      0x188 CMakeFiles/my_project.dir/home/jazhdo/pico/pico-sdk/src/rp2_common/hardware_pio/pio.c.o
                0x10013128                pio_claim_free_sm_and_add_program_for_gpio_range
 .text.pio_remove_program_and_unclaim_sm
                0x100132b0       0x40 CMakeFiles/my_project.dir/home/jazhdo/pico/pico-sdk/src/rp2_common/hardware_pio/pio.c.o
                0x100132b0                pio_remove_program_and_unclaim_sm
 .text.dma_channel_unclaim
                0x100132f0       0x14 CMakeFiles/my_project.dir/home/jazhdo/pico/pico-sdk/src/rp2_common/hardware_dma/dma.c.o
                0x100132f0                dma_channel_unclaim
 .text.dma_claim_unused_channel
                0x10013304       0x24 CMakeFiles/my_project.dir/home/jazhdo/pico/pico-sdk/src/rp2_common/hardware_dma/dma.c.o
                0x10013304                dma_claim_unused_channel
 .text.dma_channel_cleanup
                0x10013328       0x64 CMakeFiles/my_project.dir/home/jazhdo/pico/pico-sdk/src/rp2_common/hardware_dma/dma.c.o
                0x10013328                dma_channel_cleanup
 .text.cyw43_sleep_timeout_reached
                0x1001338c       0x10 CMakeFiles/my_project.dir/home/jazhdo/pico/pico-sdk/src/rp2_common/pico_cyw43_driver/cyw43_driver.c.o
 .text.cyw43_irq_init
                0x1001339c       0x28 CMakeFiles/my_project.dir/home/jazhdo/pico/pico-sdk/src/rp2_common/pico_cyw43_driver/cyw43_driver.c.o
                0x1001339c                cyw43_irq_init
 .text.cyw43_irq_deinit
                0x100133c4       0x20 CMakeFiles/my_project.dir/home/jazhdo/pico/pico-sdk/src/rp2_common/pico_cyw43_driver/cyw43_driver.c.o
                0x100133c4                cyw43_irq_deinit
 .text.cyw43_gpio_irq_handler
                0x100133e4       0x44 CMakeFiles/my_project.dir/home/jazhdo/pico/pico-sdk/src/rp2_common/pico_cyw43_driver/cyw43_driver.c.o
 .text.cyw43_do_poll
                0x10013428       0x70 CMakeFiles/my_project.dir/home/jazhdo/pico/pico-sdk/src/rp2_common/pico_cyw43_driver/cyw43_driver.c.o
 .text.cyw43_post_poll_hook
                0x10013498       0x10 CMakeFiles/my_project.dir/home/jazhdo/pico/pico-sdk/src/rp2_common/pico_cyw43_driver/cyw43_driver.c.o
                0x10013498                cyw43_post_poll_hook
 .text.cyw43_schedule_internal_poll_dispatch
                0x100134a8       0x18 CMakeFiles/my_project.dir/home/jazhdo/pico/pico-sdk/src/rp2_common/pico_cyw43_driver/cyw43_driver.c.o
                0x100134a8                cyw43_schedule_internal_poll_dispatch
 .text.cyw43_driver_init
                0x100134c0       0x38 CMakeFiles/my_project.dir/home/jazhdo/pico/pico-sdk/src/rp2_common/pico_cyw43_driver/cyw43_driver.c.o
                0x100134c0                cyw43_driver_init
 .text.cyw43_driver_deinit
                0x100134f8       0x4c CMakeFiles/my_project.dir/home/jazhdo/pico/pico-sdk/src/rp2_common/pico_cyw43_driver/cyw43_driver.c.o
                0x100134f8                cyw43_driver_deinit
 .text.cyw43_hal_generate_laa_mac
                0x10013544       0x28 CMakeFiles/my_project.dir/home/jazhdo/pico/pico-sdk/src/rp2_common/pico_cyw43_driver/cyw43_driver.c.o
                0x10013544                cyw43_hal_generate_laa_mac
 .text.cyw43_hal_get_mac
                0x1001356c       0x14 CMakeFiles/my_project.dir/home/jazhdo/pico/pico-sdk/src/rp2_common/pico_cyw43_driver/cyw43_driver.c.o
                0x1001356c                cyw43_hal_get_mac
 .text.cyw43_thread_enter
                0x10013580       0x14 CMakeFiles/my_project.dir/home/jazhdo/pico/pico-sdk/src/rp2_common/pico_cyw43_driver/cyw43_driver.c.o
                0x10013580                cyw43_thread_enter
 .text.cyw43_thread_exit
                0x10013594       0x14 CMakeFiles/my_project.dir/home/jazhdo/pico/pico-sdk/src/rp2_common/pico_cyw43_driver/cyw43_driver.c.o
                0x10013594                cyw43_thread_exit
 .text.cyw43_await_background_or_timeout_us
                0x100135a8       0x68 CMakeFiles/my_project.dir/home/jazhdo/pico/pico-sdk/src/rp2_common/pico_cyw43_driver/cyw43_driver.c.o
                0x100135a8                cyw43_await_background_or_timeout_us
 .text.cyw43_delay_ms
                0x10013610       0x48 CMakeFiles/my_project.dir/home/jazhdo/pico/pico-sdk/src/rp2_common/pico_cyw43_driver/cyw43_driver.c.o
                0x10013610                cyw43_delay_ms
 .text.cyw43_delay_us
                0x10013658       0x34 CMakeFiles/my_project.dir/home/jazhdo/pico/pico-sdk/src/rp2_common/pico_cyw43_driver/cyw43_driver.c.o
                0x10013658                cyw43_delay_us
 .text.async_context_threadsafe_background_acquire_lock_blocking
                0x1001368c        0xc CMakeFiles/my_project.dir/home/jazhdo/pico/pico-sdk/src/rp2_common/pico_async_context/async_context_threadsafe_background.c.o
 .text.alarm_handler
                0x10013698       0x20 CMakeFiles/my_project.dir/home/jazhdo/pico/pico-sdk/src/rp2_common/pico_async_context/async_context_threadsafe_background.c.o
 .text.async_context_threadsafe_background_set_work_pending
                0x100136b8       0x1c CMakeFiles/my_project.dir/home/jazhdo/pico/pico-sdk/src/rp2_common/pico_async_context/async_context_threadsafe_background.c.o
 .text.process_under_lock
                0x100136d4       0xcc CMakeFiles/my_project.dir/home/jazhdo/pico/pico-sdk/src/rp2_common/pico_async_context/async_context_threadsafe_background.c.o
 .text.async_context_threadsafe_background_execute_sync
                0x100137a0       0x30 CMakeFiles/my_project.dir/home/jazhdo/pico/pico-sdk/src/rp2_common/pico_async_context/async_context_threadsafe_background.c.o
                0x100137a0                async_context_threadsafe_background_execute_sync
 .text.async_context_threadsafe_background_deinit
                0x100137d0       0x54 CMakeFiles/my_project.dir/home/jazhdo/pico/pico-sdk/src/rp2_common/pico_async_context/async_context_threadsafe_background.c.o
 .text.low_priority_irq_handler
                0x10013824       0x3c CMakeFiles/my_project.dir/home/jazhdo/pico/pico-sdk/src/rp2_common/pico_async_context/async_context_threadsafe_background.c.o
 .text.async_context_threadsafe_background_wait_for_work_until
                0x10013860        0xc CMakeFiles/my_project.dir/home/jazhdo/pico/pico-sdk/src/rp2_common/pico_async_context/async_context_threadsafe_background.c.o
 .text.async_context_threadsafe_background_wait_until
                0x1001386c       0x1c CMakeFiles/my_project.dir/home/jazhdo/pico/pico-sdk/src/rp2_common/pico_async_context/async_context_threadsafe_background.c.o
 .text.async_context_threadsafe_background_lock_check
                0x10013888       0x28 CMakeFiles/my_project.dir/home/jazhdo/pico/pico-sdk/src/rp2_common/pico_async_context/async_context_threadsafe_background.c.o
 .text.async_context_threadsafe_background_release_lock
                0x100138b0       0x1c CMakeFiles/my_project.dir/home/jazhdo/pico/pico-sdk/src/rp2_common/pico_async_context/async_context_threadsafe_background.c.o
 .text.async_context_threadsafe_background_add_at_time_worker
                0x100138cc       0x34 CMakeFiles/my_project.dir/home/jazhdo/pico/pico-sdk/src/rp2_common/pico_async_context/async_context_threadsafe_background.c.o
 .text.async_context_threadsafe_background_remove_at_time_worker
                0x10013900       0x34 CMakeFiles/my_project.dir/home/jazhdo/pico/pico-sdk/src/rp2_common/pico_async_context/async_context_threadsafe_background.c.o
 .text.async_context_threadsafe_background_add_when_pending_worker
                0x10013934       0x34 CMakeFiles/my_project.dir/home/jazhdo/pico/pico-sdk/src/rp2_common/pico_async_context/async_context_threadsafe_background.c.o
 .text.async_context_threadsafe_background_when_pending_worker
                0x10013968       0x34 CMakeFiles/my_project.dir/home/jazhdo/pico/pico-sdk/src/rp2_common/pico_async_context/async_context_threadsafe_background.c.o
 .text.async_context_threadsafe_background_default_config
                0x1001399c        0xc CMakeFiles/my_project.dir/home/jazhdo/pico/pico-sdk/src/rp2_common/pico_async_context/async_context_threadsafe_background.c.o
                0x1001399c                async_context_threadsafe_background_default_config
 .text.async_context_threadsafe_background_init
                0x100139a8       0x8c CMakeFiles/my_project.dir/home/jazhdo/pico/pico-sdk/src/rp2_common/pico_async_context/async_context_threadsafe_background.c.o
                0x100139a8                async_context_threadsafe_background_init
 .text.i2c_write_blocking_internal.constprop.0
                0x10013a34       0xd0 CMakeFiles/my_project.dir/home/jazhdo/pico/pico-sdk/src/rp2_common/hardware_i2c/i2c.c.o
 .text.i2c_set_baudrate
                0x10013b04       0xc0 CMakeFiles/my_project.dir/home/jazhdo/pico/pico-sdk/src/rp2_common/hardware_i2c/i2c.c.o
                0x10013b04                i2c_set_baudrate
 .text.i2c_init
                0x10013bc4       0x54 CMakeFiles/my_project.dir/home/jazhdo/pico/pico-sdk/src/rp2_common/hardware_i2c/i2c.c.o
                0x10013bc4                i2c_init
 .text.i2c_write_blocking
                0x10013c18       0x14 CMakeFiles/my_project.dir/home/jazhdo/pico/pico-sdk/src/rp2_common/hardware_i2c/i2c.c.o
                0x10013c18                i2c_write_blocking
 .text          0x10013c2c       0x44 /usr/lib/gcc/arm-none-eabi/12.2.1/../../../arm-none-eabi/lib/thumb/v6-m/nofp/libg.a(lib_a-memcmp.o)
                0x10013c2c                memcmp
 .text          0x10013c70       0xb0 /usr/lib/gcc/arm-none-eabi/12.2.1/../../../arm-none-eabi/lib/thumb/v6-m/nofp/libg.a(lib_a-memmove.o)
                0x10013c70                memmove
 .text          0x10013d20       0x5c /usr/lib/gcc/arm-none-eabi/12.2.1/../../../arm-none-eabi/lib/thumb/v6-m/nofp/libg.a(lib_a-strlen-stub.o)
                0x10013d20                strlen
 .text          0x10013d7c       0x68 /usr/lib/gcc/arm-none-eabi/12.2.1/../../../arm-none-eabi/lib/thumb/v6-m/nofp/libg.a(lib_a-strncmp.o)
                0x10013d7c                strncmp
 .text          0x10013de4      0x440 /usr/lib/gcc/arm-none-eabi/12.2.1/../../../arm-none-eabi/lib/thumb/v6-m/nofp/libg.a(lib_a-strstr.o)
                0x100140a8                strstr
 .text          0x10014224       0xc0 /usr/lib/gcc/arm-none-eabi/12.2.1/../../../arm-none-eabi/lib/thumb/v6-m/nofp/libg.a(lib_a-strchr.o)
                0x10014224                strchr
 .text          0x100142e4       0x24 /usr/lib/gcc/arm-none-eabi/12.2.1/../../../arm-none-eabi/lib/thumb/v6-m/nofp/libg.a(lib_a-strnlen.o)
                0x100142e4                strnlen
 *(.fini)
 .fini          0x10014308        0x4 /usr/lib/gcc/arm-none-eabi/12.2.1/thumb/v6-m/nofp/crti.o
                0x10014308                _fini
 *fill*         0x1001430c        0x4 
 .fini.__stub   0x10014310       0xa0 linker stubs
 *crtbegin.o(.ctors)
 *crtbegin?.o(.ctors)
 *(EXCLUDE_FILE(*crtend.o *crtend?.o) .ctors)
 *(SORT_BY_NAME(.ctors.*))
 *(.ctors)
 *crtbegin.o(.dtors)
 *crtbegin?.o(.dtors)
 *(EXCLUDE_FILE(*crtend.o *crtend?.o) .dtors)
 *(SORT_BY_NAME(.dtors.*))
 *(.dtors)
                0x100143b0                        . = ALIGN (0x4)
                0x100143b0                        PROVIDE (__preinit_array_start = .)
 *(SORT_BY_NAME(.preinit_array.*))
 .preinit_array.00100
                0x100143b0        0x4 CMakeFiles/my_project.dir/home/jazhdo/pico/pico-sdk/src/rp2_common/pico_runtime_init/runtime_init.c.o
                0x100143b0                __pre_init_runtime_init_early_resets
 .preinit_array.00101
                0x100143b4        0x4 CMakeFiles/my_project.dir/home/jazhdo/pico/pico-sdk/src/rp2_common/pico_runtime_init/runtime_init.c.o
                0x100143b4                __pre_init_runtime_init_usb_power_down
 .preinit_array.00275
                0x100143b8        0x4 CMakeFiles/my_project.dir/home/jazhdo/pico/pico-sdk/src/rp2_common/pico_bit_ops/bit_ops_aeabi.S.o
 .preinit_array.00300
                0x100143bc        0x4 CMakeFiles/my_project.dir/home/jazhdo/pico/pico-sdk/src/rp2_common/pico_mem_ops/mem_ops_aeabi.S.o
 .preinit_array.00350
                0x100143c0        0x4 CMakeFiles/my_project.dir/home/jazhdo/pico/pico-sdk/src/rp2_common/pico_double/double_aeabi_rp2040.S.o
 .preinit_array.00350
                0x100143c4        0x4 CMakeFiles/my_project.dir/home/jazhdo/pico/pico-sdk/src/rp2_common/pico_float/float_aeabi_rp2040.S.o
 .preinit_array.00500
                0x100143c8        0x4 CMakeFiles/my_project.dir/home/jazhdo/pico/pico-sdk/src/rp2_common/pico_runtime_init/runtime_init.c.o
                0x100143c8                __pre_init_runtime_init_clocks